Archive member included to satisfy reference by file (symbol)

/usr/lib/gcc/arm-none-eabi/12.2.0/thumb/v6-m/nofp/libgcc.a(_dvmd_tls.o)
                              src/CMakeFiles/ubc-pico.dir/usr/share/pico-sdk/src/rp2_common/pico_divider/divider.S.obj (__aeabi_idiv0)
/usr/lib/gcc/arm-none-eabi/12.2.0/../../../../arm-none-eabi/lib/thumb/v6-m/nofp/libg.a(libc_a-atexit.o)
                              /usr/lib/gcc/arm-none-eabi/12.2.0/../../../../arm-none-eabi/lib/thumb/v6-m/nofp/crt0.o (atexit)
/usr/lib/gcc/arm-none-eabi/12.2.0/../../../../arm-none-eabi/lib/thumb/v6-m/nofp/libg.a(libc_a-calloc.o)
                              src/CMakeFiles/ubc-pico.dir/usr/share/pico-sdk/src/rp2_common/pico_malloc/pico_malloc.c.obj (calloc)
/usr/lib/gcc/arm-none-eabi/12.2.0/../../../../arm-none-eabi/lib/thumb/v6-m/nofp/libg.a(libc_a-callocr.o)
                              /usr/lib/gcc/arm-none-eabi/12.2.0/../../../../arm-none-eabi/lib/thumb/v6-m/nofp/libg.a(libc_a-calloc.o) (_calloc_r)
/usr/lib/gcc/arm-none-eabi/12.2.0/../../../../arm-none-eabi/lib/thumb/v6-m/nofp/libg.a(libc_a-itoa.o)
                              src/CMakeFiles/ubc-pico.dir/oled.c.obj (itoa)
/usr/lib/gcc/arm-none-eabi/12.2.0/../../../../arm-none-eabi/lib/thumb/v6-m/nofp/libg.a(libc_a-malloc.o)
                              src/CMakeFiles/ubc-pico.dir/usr/share/pico-sdk/src/rp2_common/pico_malloc/pico_malloc.c.obj (malloc)
/usr/lib/gcc/arm-none-eabi/12.2.0/../../../../arm-none-eabi/lib/thumb/v6-m/nofp/libg.a(libc_a-mallocr.o)
                              /usr/lib/gcc/arm-none-eabi/12.2.0/../../../../arm-none-eabi/lib/thumb/v6-m/nofp/libg.a(libc_a-callocr.o) (_malloc_r)
/usr/lib/gcc/arm-none-eabi/12.2.0/../../../../arm-none-eabi/lib/thumb/v6-m/nofp/libg.a(libc_a-mlock.o)
                              /usr/lib/gcc/arm-none-eabi/12.2.0/../../../../arm-none-eabi/lib/thumb/v6-m/nofp/libg.a(libc_a-mallocr.o) (__malloc_lock)
/usr/lib/gcc/arm-none-eabi/12.2.0/../../../../arm-none-eabi/lib/thumb/v6-m/nofp/libg.a(libc_a-realloc.o)
                              src/CMakeFiles/ubc-pico.dir/usr/share/pico-sdk/src/rp2_common/pico_malloc/pico_malloc.c.obj (realloc)
/usr/lib/gcc/arm-none-eabi/12.2.0/../../../../arm-none-eabi/lib/thumb/v6-m/nofp/libg.a(libc_a-reallocr.o)
                              /usr/lib/gcc/arm-none-eabi/12.2.0/../../../../arm-none-eabi/lib/thumb/v6-m/nofp/libg.a(libc_a-realloc.o) (_realloc_r)
/usr/lib/gcc/arm-none-eabi/12.2.0/../../../../arm-none-eabi/lib/thumb/v6-m/nofp/libg.a(libc_a-utoa.o)
                              /usr/lib/gcc/arm-none-eabi/12.2.0/../../../../arm-none-eabi/lib/thumb/v6-m/nofp/libg.a(libc_a-itoa.o) (__utoa)
/usr/lib/gcc/arm-none-eabi/12.2.0/../../../../arm-none-eabi/lib/thumb/v6-m/nofp/libg.a(libc_a-memmove.o)
                              /usr/lib/gcc/arm-none-eabi/12.2.0/../../../../arm-none-eabi/lib/thumb/v6-m/nofp/libg.a(libc_a-reallocr.o) (memmove)
/usr/lib/gcc/arm-none-eabi/12.2.0/../../../../arm-none-eabi/lib/thumb/v6-m/nofp/libg.a(libc_a-impure.o)
                              /usr/lib/gcc/arm-none-eabi/12.2.0/../../../../arm-none-eabi/lib/thumb/v6-m/nofp/libg.a(libc_a-calloc.o) (_impure_ptr)
/usr/lib/gcc/arm-none-eabi/12.2.0/../../../../arm-none-eabi/lib/thumb/v6-m/nofp/libg.a(libc_a-sbrkr.o)
                              /usr/lib/gcc/arm-none-eabi/12.2.0/../../../../arm-none-eabi/lib/thumb/v6-m/nofp/libg.a(libc_a-mallocr.o) (_sbrk_r)
/usr/lib/gcc/arm-none-eabi/12.2.0/../../../../arm-none-eabi/lib/thumb/v6-m/nofp/libg.a(libc_a-errno.o)
                              /usr/lib/gcc/arm-none-eabi/12.2.0/../../../../arm-none-eabi/lib/thumb/v6-m/nofp/libg.a(libc_a-callocr.o) (__errno)
/usr/lib/gcc/arm-none-eabi/12.2.0/../../../../arm-none-eabi/lib/thumb/v6-m/nofp/libg.a(libc_a-init.o)
                              /usr/lib/gcc/arm-none-eabi/12.2.0/../../../../arm-none-eabi/lib/thumb/v6-m/nofp/crt0.o (__libc_init_array)
/usr/lib/gcc/arm-none-eabi/12.2.0/../../../../arm-none-eabi/lib/thumb/v6-m/nofp/libg.a(libc_a-fini.o)
                              /usr/lib/gcc/arm-none-eabi/12.2.0/../../../../arm-none-eabi/lib/thumb/v6-m/nofp/crt0.o (__libc_fini_array)
/usr/lib/gcc/arm-none-eabi/12.2.0/../../../../arm-none-eabi/lib/thumb/v6-m/nofp/libg.a(libc_a-lock.o)
                              /usr/lib/gcc/arm-none-eabi/12.2.0/../../../../arm-none-eabi/lib/thumb/v6-m/nofp/libg.a(libc_a-mlock.o) (__retarget_lock_acquire_recursive)
/usr/lib/gcc/arm-none-eabi/12.2.0/../../../../arm-none-eabi/lib/thumb/v6-m/nofp/libg.a(libc_a-sysconf.o)
                              /usr/lib/gcc/arm-none-eabi/12.2.0/../../../../arm-none-eabi/lib/thumb/v6-m/nofp/libg.a(libc_a-mallocr.o) (sysconf)
/usr/lib/gcc/arm-none-eabi/12.2.0/../../../../arm-none-eabi/lib/thumb/v6-m/nofp/libg.a(libc_a-strlen-stub.o)
                              src/CMakeFiles/ubc-pico.dir/usr/share/pico-sdk/src/rp2_common/pico_stdio/stdio.c.obj (strlen)
/usr/lib/gcc/arm-none-eabi/12.2.0/../../../../arm-none-eabi/lib/thumb/v6-m/nofp/libg.a(libc_a-__atexit.o)
[...]
Memory Configuration

Name             Origin             Length             Attributes
FLASH            0x0000000010000000 0x0000000000200000 xr
RAM              0x0000000020000000 0x0000000000040000 xrw
SCRATCH_X        0x0000000020040000 0x0000000000001000 xrw
SCRATCH_Y        0x0000000020041000 0x0000000000001000 xrw
*default*        0x0000000000000000 0xffffffffffffffff

Linker script and memory map

LOAD /usr/lib/gcc/arm-none-eabi/12.2.0/thumb/v6-m/nofp/crti.o
LOAD /usr/lib/gcc/arm-none-eabi/12.2.0/thumb/v6-m/nofp/crtbegin.o
LOAD /usr/lib/gcc/arm-none-eabi/12.2.0/../../../../arm-none-eabi/lib/thumb/v6-m/nofp/crt0.o

.flash_begin    0x0000000010000000        0x0
                0x0000000010000000                __flash_binary_start = .

.boot2          0x0000000010000000      0x100
                0x0000000010000000                __boot2_start__ = .
 *(.boot2)
 .boot2         0x0000000010000000      0x100 /tmp/ccxdjOGG.o
                0x0000000010000100                __boot2_end__ = .
                0x0000000000000001                ASSERT (((__boot2_end__ - __boot2_start__) == 0x100), ERROR: Pico second stage bootloader must be 256 bytes in size)

.text           0x0000000010000100     0xa0f0
                0x0000000010000100                __logical_binary_start = .
 *(.vectors)
 .vectors       0x0000000010000100       0xd4 src/CMakeFiles/ubc-pico.dir/usr/share/pico-sdk/src/rp2_common/pico_standard_link/crt0.S.obj
                0x0000000010000100                __vectors
                0x0000000010000100                __VECTOR_TABLE
                0x00000000100001c0                isr_invalid
                0x00000000100001c0                __default_isrs_start
                0x00000000100001c2                isr_nmi
                0x00000000100001c4                isr_hardfault
                0x00000000100001c6                isr_svcall
                0x00000000100001c8                isr_pendsv
                0x00000000100001ca                isr_systick
                0x00000000100001cc                isr_irq30
                0x00000000100001cc                __unhandled_user_irq
                0x00000000100001cc                isr_irq13
                0x00000000100001cc                isr_irq27
                0x00000000100001cc                isr_irq31
                0x00000000100001cc                isr_irq5
                0x00000000100001cc                isr_irq11
                0x00000000100001cc                isr_irq23
                0x00000000100001cc                isr_irq18
                0x00000000100001cc                isr_irq28
                0x00000000100001cc                isr_irq19
                0x00000000100001cc                isr_irq0
                0x00000000100001cc                isr_irq6
                0x00000000100001cc                isr_irq22
                0x00000000100001cc                isr_irq17
                0x00000000100001cc                isr_irq14
                0x00000000100001cc                isr_irq2
                0x00000000100001cc                isr_irq10
                0x00000000100001cc                isr_irq8
                0x00000000100001cc                isr_irq24
                0x00000000100001cc                isr_irq1
                0x00000000100001cc                isr_irq7
                0x00000000100001cc                isr_irq21
                0x00000000100001cc                isr_irq20
                0x00000000100001cc                isr_irq15
                0x00000000100001cc                isr_irq25
                0x00000000100001cc                isr_irq4
                0x00000000100001cc                isr_irq16
                0x00000000100001cc                isr_irq29
                0x00000000100001cc                isr_irq26
                0x00000000100001cc                __default_isrs_end
                0x00000000100001cc                isr_irq3
                0x00000000100001cc                isr_irq12
                0x00000000100001cc                isr_irq9
                0x00000000100001d2                unhandled_user_irq_num_in_r0
 *(.binary_info_header)
 .binary_info_header
                0x00000000100001d4       0x14 src/CMakeFiles/ubc-pico.dir/usr/share/pico-sdk/src/rp2_common/pico_standard_link/crt0.S.obj
                0x00000000100001e8                __binary_info_header_end = .
 *(.reset)
 .reset         0x00000000100001e8       0xa0 src/CMakeFiles/ubc-pico.dir/usr/share/pico-sdk/src/rp2_common/pico_standard_link/crt0.S.obj
                0x00000000100001e8                _entry_point
 .reset         0x0000000010000288       0x30 src/CMakeFiles/ubc-pico.dir/usr/share/pico-sdk/src/rp2_common/pico_standard_link/binary_info.c.obj
 *(.init)
 .init          0x00000000100002b8        0x4 /usr/lib/gcc/arm-none-eabi/12.2.0/thumb/v6-m/nofp/crti.o
                0x00000000100002b8                _init
 *(EXCLUDE_FILE(*libm.a: *libc.a:*lib_a-mem*.o *libgcc.a:) .text*)
 .text.frame_dummy
                0x00000000100002bc       0x20 /usr/lib/gcc/arm-none-eabi/12.2.0/thumb/v6-m/nofp/crtbegin.o
 .text.sceneInit
                0x00000000100002dc       0x84 src/CMakeFiles/ubc-pico.dir/main.c.obj
                0x00000000100002dc                sceneInit
 .text.castRays
                0x0000000010000360      0xd60 src/CMakeFiles/ubc-pico.dir/main.c.obj
                0x0000000010000360                castRays
 .text.drawWalls
                0x00000000100010c0      0x148 src/CMakeFiles/ubc-pico.dir/main.c.obj
                0x00000000100010c0                drawWalls
 .text.show     0x0000000010001208       0x24 src/CMakeFiles/ubc-pico.dir/main.c.obj
                0x0000000010001208                show
 .text.startup.main
                0x000000001000122c      0x11c src/CMakeFiles/ubc-pico.dir/main.c.obj
                0x000000001000122c                main
 .text.drawFastVLine
                0x0000000010001348       0x48 src/CMakeFiles/ubc-pico.dir/oled.c.obj
                0x0000000010001348                drawFastVLine
 .text.charSize
                0x0000000010001390        0xc src/CMakeFiles/ubc-pico.dir/oled.c.obj
                0x0000000010001390                charSize
 .text.charColor
                0x000000001000139c        0xc src/CMakeFiles/ubc-pico.dir/oled.c.obj
                0x000000001000139c                charColor
 .text.drawFastHLine
                0x00000000100013a8       0x34 src/CMakeFiles/ubc-pico.dir/oled.c.obj
                0x00000000100013a8                drawFastHLine
 .text.setPixel
                0x00000000100013dc       0x2c src/CMakeFiles/ubc-pico.dir/oled.c.obj
                0x00000000100013dc                setPixel
 .text.drawLine
                0x0000000010001408      0x11c src/CMakeFiles/ubc-pico.dir/oled.c.obj
                0x0000000010001408                drawLine
 .text.drawHLine
                0x0000000010001524       0x10 src/CMakeFiles/ubc-pico.dir/oled.c.obj
                0x0000000010001524                drawHLine
 .text.drawVLine
                0x0000000010001534       0x14 src/CMakeFiles/ubc-pico.dir/oled.c.obj
                0x0000000010001534                drawVLine
 .text.fillRect
                0x0000000010001548       0x44 src/CMakeFiles/ubc-pico.dir/oled.c.obj
                0x0000000010001548                fillRect
 .text.powerOn  0x000000001000158c       0x40 src/CMakeFiles/ubc-pico.dir/oled.c.obj
                0x000000001000158c                powerOn
 .text.powerOff
                0x00000000100015cc       0x58 src/CMakeFiles/ubc-pico.dir/oled.c.obj
                0x00000000100015cc                powerOff
 .text.displayOn
                0x0000000010001624       0x24 src/CMakeFiles/ubc-pico.dir/oled.c.obj
                0x0000000010001624                displayOn
 .text.displayOff
                0x0000000010001648       0x24 src/CMakeFiles/ubc-pico.dir/oled.c.obj
                0x0000000010001648                displayOff
 .text.contrast
                0x000000001000166c       0x40 src/CMakeFiles/ubc-pico.dir/oled.c.obj
                0x000000001000166c                contrast
 .text.brightness
                0x00000000100016ac       0x40 src/CMakeFiles/ubc-pico.dir/oled.c.obj
                0x00000000100016ac                brightness
 .text.refresh  0x00000000100016ec       0x2c src/CMakeFiles/ubc-pico.dir/oled.c.obj
                0x00000000100016ec                refresh
 .text.invert   0x0000000010001718       0x38 src/CMakeFiles/ubc-pico.dir/oled.c.obj
                0x0000000010001718                invert
 .text.display  0x0000000010001750       0xa0 src/CMakeFiles/ubc-pico.dir/oled.c.obj
                0x0000000010001750                display
 .text.clear    0x00000000100017f0       0x6c src/CMakeFiles/ubc-pico.dir/oled.c.obj
                0x00000000100017f0                clear
 .text.initOLED
                0x000000001000185c      0x15c src/CMakeFiles/ubc-pico.dir/oled.c.obj
                0x000000001000185c                initOLED
 .text.putChar  0x00000000100019b8      0x124 src/CMakeFiles/ubc-pico.dir/oled.c.obj
                0x00000000100019b8                putChar
 .text.sendc    0x0000000010001adc       0x1c src/CMakeFiles/ubc-pico.dir/oled.c.obj
                0x0000000010001adc                sendc
 .text.sends    0x0000000010001af8       0x5c src/CMakeFiles/ubc-pico.dir/oled.c.obj
                0x0000000010001af8                sends
 .text.sendf    0x0000000010001b54       0x70 src/CMakeFiles/ubc-pico.dir/oled.c.obj
                0x0000000010001b54                sendf
 .text.sendi    0x0000000010001bc4       0x78 src/CMakeFiles/ubc-pico.dir/oled.c.obj
                0x0000000010001bc4                sendi
 .text.reverse  0x0000000010001c3c       0x1a src/CMakeFiles/ubc-pico.dir/ftoa.c.obj
                0x0000000010001c3c                reverse
 .text.intToStr
                0x0000000010001c56       0x50 src/CMakeFiles/ubc-pico.dir/ftoa.c.obj
                0x0000000010001c56                intToStr
 *fill*         0x0000000010001ca6        0x2 
 .text.ftoa     0x0000000010001ca8       0x74 src/CMakeFiles/ubc-pico.dir/ftoa.c.obj
                0x0000000010001ca8                ftoa
 .text.gpio_set_function
                0x0000000010001d1c       0x30 src/CMakeFiles/ubc-pico.dir/usr/share/pico-sdk/src/rp2_common/hardware_gpio/gpio.c.obj
                0x0000000010001d1c                gpio_set_function
 .text.gpio_set_pulls
                0x0000000010001d4c       0x34 src/CMakeFiles/ubc-pico.dir/usr/share/pico-sdk/src/rp2_common/hardware_gpio/gpio.c.obj
                0x0000000010001d4c                gpio_set_pulls
 .text.gpio_init
                0x0000000010001d80       0x16 src/CMakeFiles/ubc-pico.dir/usr/share/pico-sdk/src/rp2_common/hardware_gpio/gpio.c.obj
                0x0000000010001d80                gpio_init
 *fill*         0x0000000010001d96        0x2 
 .text.running_on_fpga
                0x0000000010001d98       0x14 src/CMakeFiles/ubc-pico.dir/usr/share/pico-sdk/src/rp2_common/pico_platform/platform.c.obj
                0x0000000010001d98                running_on_fpga
 .text.hw_claim_lock
                0x0000000010001dac       0x18 src/CMakeFiles/ubc-pico.dir/usr/share/pico-sdk/src/rp2_common/hardware_claim/claim.c.obj
                0x0000000010001dac                hw_claim_lock
 .text.hw_claim_unlock
                0x0000000010001dc4       0x14 src/CMakeFiles/ubc-pico.dir/usr/share/pico-sdk/src/rp2_common/hardware_claim/claim.c.obj
                0x0000000010001dc4                hw_claim_unlock
 .text.hw_claim_or_assert
                0x0000000010001dd8       0x32 src/CMakeFiles/ubc-pico.dir/usr/share/pico-sdk/src/rp2_common/hardware_claim/claim.c.obj
                0x0000000010001dd8                hw_claim_or_assert
 .text.hw_claim_unused_from_range
                0x0000000010001e0a       0x50 src/CMakeFiles/ubc-pico.dir/usr/share/pico-sdk/src/rp2_common/hardware_claim/claim.c.obj
                0x0000000010001e0a                hw_claim_unused_from_range
 *fill*         0x0000000010001e5a        0x2 
 .text.spin_locks_reset
                0x0000000010001e5c       0x20 src/CMakeFiles/ubc-pico.dir/usr/share/pico-sdk/src/rp2_common/hardware_sync/sync.c.obj
                0x0000000010001e5c                spin_locks_reset
 .text.next_striped_spin_lock_num
                0x0000000010001e7c       0x1c src/CMakeFiles/ubc-pico.dir/usr/share/pico-sdk/src/rp2_common/hardware_sync/sync.c.obj
                0x0000000010001e7c                next_striped_spin_lock_num
 .text.spin_lock_claim_unused
                0x0000000010001e98       0x24 src/CMakeFiles/ubc-pico.dir/usr/share/pico-sdk/src/rp2_common/hardware_sync/sync.c.obj
                0x0000000010001e98                spin_lock_claim_unused
 .text.set_raw_irq_handler_and_unlock
                0x0000000010001ebc       0x28 src/CMakeFiles/ubc-pico.dir/usr/share/pico-sdk/src/rp2_common/hardware_irq/irq.c.obj
 .text.resolve_branch
                0x0000000010001ee4       0x30 src/CMakeFiles/ubc-pico.dir/usr/share/pico-sdk/src/rp2_common/hardware_irq/irq.c.obj
 .text.make_branch
                0x0000000010001f14       0x48 src/CMakeFiles/ubc-pico.dir/usr/share/pico-sdk/src/rp2_common/hardware_irq/irq.c.obj
 .text.insert_branch_and_link
                0x0000000010001f5c       0x40 src/CMakeFiles/ubc-pico.dir/usr/share/pico-sdk/src/rp2_common/hardware_irq/irq.c.obj
 .text.irq_is_enabled
                0x0000000010001f9c       0x18 src/CMakeFiles/ubc-pico.dir/usr/share/pico-sdk/src/rp2_common/hardware_irq/irq.c.obj
                0x0000000010001f9c                irq_is_enabled
 .text.irq_set_mask_enabled
                0x0000000010001fb4       0x20 src/CMakeFiles/ubc-pico.dir/usr/share/pico-sdk/src/rp2_common/hardware_irq/irq.c.obj
                0x0000000010001fb4                irq_set_mask_enabled
 .text.irq_set_enabled
                0x0000000010001fd4        0xe src/CMakeFiles/ubc-pico.dir/usr/share/pico-sdk/src/rp2_common/hardware_irq/irq.c.obj
                0x0000000010001fd4                irq_set_enabled
 *fill*         0x0000000010001fe2        0x2 
 .text.irq_set_pending
                0x0000000010001fe4       0x10 src/CMakeFiles/ubc-pico.dir/usr/share/pico-sdk/src/rp2_common/hardware_irq/irq.c.obj
                0x0000000010001fe4                irq_set_pending
 .text.irq_get_vtable_handler
                0x0000000010001ff4       0x10 src/CMakeFiles/ubc-pico.dir/usr/share/pico-sdk/src/rp2_common/hardware_irq/irq.c.obj
                0x0000000010001ff4                irq_get_vtable_handler
 .text.irq_has_shared_handler
                0x0000000010002004       0x24 src/CMakeFiles/ubc-pico.dir/usr/share/pico-sdk/src/rp2_common/hardware_irq/irq.c.obj
                0x0000000010002004                irq_has_shared_handler
 .text.irq_set_exclusive_handler
                0x0000000010002028       0x54 src/CMakeFiles/ubc-pico.dir/usr/share/pico-sdk/src/rp2_common/hardware_irq/irq.c.obj
                0x0000000010002028                irq_set_exclusive_handler
 .text.irq_add_shared_handler
                0x000000001000207c      0x210 src/CMakeFiles/ubc-pico.dir/usr/share/pico-sdk/src/rp2_common/hardware_irq/irq.c.obj
                0x000000001000207c                irq_add_shared_handler
 .text.irq_remove_handler
                0x000000001000228c      0x188 src/CMakeFiles/ubc-pico.dir/usr/share/pico-sdk/src/rp2_common/hardware_irq/irq.c.obj
                0x000000001000228c                irq_remove_handler
 .text.irq_add_tail_to_free_list
                0x0000000010002414       0xf0 src/CMakeFiles/ubc-pico.dir/usr/share/pico-sdk/src/rp2_common/hardware_irq/irq.c.obj
                0x0000000010002414                irq_add_tail_to_free_list
 .text.irq_init_priorities
                0x0000000010002504       0x1c src/CMakeFiles/ubc-pico.dir/usr/share/pico-sdk/src/rp2_common/hardware_irq/irq.c.obj
                0x0000000010002504                irq_init_priorities
 .text.user_irq_claim_unused
                0x0000000010002520       0x2c src/CMakeFiles/ubc-pico.dir/usr/share/pico-sdk/src/rp2_common/hardware_irq/irq.c.obj
                0x0000000010002520                user_irq_claim_unused
 .text.lock_init
                0x000000001000254c       0x10 src/CMakeFiles/ubc-pico.dir/usr/share/pico-sdk/src/common/pico_sync/lock_core.c.obj
                0x000000001000254c                lock_init
 .text.update_us_since_boot
                0x000000001000255c       0x24 src/CMakeFiles/ubc-pico.dir/usr/share/pico-sdk/src/common/pico_sync/mutex.c.obj
 .text.delayed_by_ms
                0x0000000010002580       0x44 src/CMakeFiles/ubc-pico.dir/usr/share/pico-sdk/src/common/pico_sync/mutex.c.obj
 .text.get_absolute_time
                0x00000000100025c4       0x22 src/CMakeFiles/ubc-pico.dir/usr/share/pico-sdk/src/common/pico_sync/mutex.c.obj
 .text.make_timeout_time_ms
                0x00000000100025e6       0x20 src/CMakeFiles/ubc-pico.dir/usr/share/pico-sdk/src/common/pico_sync/mutex.c.obj
 .text.mutex_init
                0x0000000010002606       0x1a src/CMakeFiles/ubc-pico.dir/usr/share/pico-sdk/src/common/pico_sync/mutex.c.obj
                0x0000000010002606                mutex_init
 .text.recursive_mutex_init
                0x0000000010002620       0x1e src/CMakeFiles/ubc-pico.dir/usr/share/pico-sdk/src/common/pico_sync/mutex.c.obj
                0x0000000010002620                recursive_mutex_init
 *fill*         0x000000001000263e        0x2 
 .text.critical_section_init_with_lock_num
                0x0000000010002640       0x14 src/CMakeFiles/ubc-pico.dir/usr/share/pico-sdk/src/common/pico_sync/critical_section.c.obj
                0x0000000010002640                critical_section_init_with_lock_num
 .text.critical_section_init
                0x0000000010002654       0x14 src/CMakeFiles/ubc-pico.dir/usr/share/pico-sdk/src/common/pico_sync/critical_section.c.obj
                0x0000000010002654                critical_section_init
 .text.time_reached
                0x0000000010002668       0x28 src/CMakeFiles/ubc-pico.dir/usr/share/pico-sdk/src/common/pico_time/time.c.obj
 .text.get_entry
                0x0000000010002690       0x38 src/CMakeFiles/ubc-pico.dir/usr/share/pico-sdk/src/common/pico_time/time.c.obj
 .text.timer_pool_entry_comparator
                0x00000000100026c8       0x2e src/CMakeFiles/ubc-pico.dir/usr/share/pico-sdk/src/common/pico_time/time.c.obj
                0x00000000100026c8                timer_pool_entry_comparator
 *fill*         0x00000000100026f6        0x2 
 .text.update_us_since_boot
                0x00000000100026f8       0x24 src/CMakeFiles/ubc-pico.dir/usr/share/pico-sdk/src/common/pico_time/time.c.obj
 .text.delayed_by_us
                0x000000001000271c       0x34 src/CMakeFiles/ubc-pico.dir/usr/share/pico-sdk/src/common/pico_time/time.c.obj
 .text.ph_get_node
                0x0000000010002750       0x30 src/CMakeFiles/ubc-pico.dir/usr/share/pico-sdk/src/common/pico_time/time.c.obj
 .text.ph_contains_node
                0x0000000010002780       0x1e src/CMakeFiles/ubc-pico.dir/usr/share/pico-sdk/src/common/pico_time/time.c.obj
 .text.ph_new_node
                0x000000001000279e       0x28 src/CMakeFiles/ubc-pico.dir/usr/share/pico-sdk/src/common/pico_time/time.c.obj
 *fill*         0x00000000100027c6        0x2 
 .text.ph_add_child_node
                0x00000000100027c8       0x6c src/CMakeFiles/ubc-pico.dir/usr/share/pico-sdk/src/common/pico_time/time.c.obj
 .text.ph_merge_nodes
                0x0000000010002834       0x3e src/CMakeFiles/ubc-pico.dir/usr/share/pico-sdk/src/common/pico_time/time.c.obj
 *fill*         0x0000000010002872        0x2 
 .text.ph_insert_node
                0x0000000010002874       0x3c src/CMakeFiles/ubc-pico.dir/usr/share/pico-sdk/src/common/pico_time/time.c.obj
 .text.ph_free_node
                0x00000000100028b0       0x5c src/CMakeFiles/ubc-pico.dir/usr/share/pico-sdk/src/common/pico_time/time.c.obj
 .text.get_entry_id_high
                0x000000001000290c       0x30 src/CMakeFiles/ubc-pico.dir/usr/share/pico-sdk/src/common/pico_time/time.c.obj
 .text.alarm_pool_post_alloc_init
                0x000000001000293c       0x40 src/CMakeFiles/ubc-pico.dir/usr/share/pico-sdk/src/common/pico_time/time.c.obj
 .text.sleep_until_callback
                0x000000001000297c       0x30 src/CMakeFiles/ubc-pico.dir/usr/share/pico-sdk/src/common/pico_time/time.c.obj
 .text.get_absolute_time
                0x00000000100029ac       0x22 src/CMakeFiles/ubc-pico.dir/usr/share/pico-sdk/src/common/pico_time/time.c.obj
 .text.make_timeout_time_us
                0x00000000100029ce       0x24 src/CMakeFiles/ubc-pico.dir/usr/share/pico-sdk/src/common/pico_time/time.c.obj
 *fill*         0x00000000100029f2        0x2 
 .text.add_alarm_under_lock
                0x00000000100029f4       0x94 src/CMakeFiles/ubc-pico.dir/usr/share/pico-sdk/src/common/pico_time/time.c.obj
 .text.alarm_pool_alarm_callback
                0x0000000010002a88      0x20c src/CMakeFiles/ubc-pico.dir/usr/share/pico-sdk/src/common/pico_time/time.c.obj
 .text.alarm_pool_init_default
                0x0000000010002c94       0x40 src/CMakeFiles/ubc-pico.dir/usr/share/pico-sdk/src/common/pico_time/time.c.obj
                0x0000000010002c94                alarm_pool_init_default
 .text.alarm_pool_get_default
                0x0000000010002cd4       0x2c src/CMakeFiles/ubc-pico.dir/usr/share/pico-sdk/src/common/pico_time/time.c.obj
                0x0000000010002cd4                alarm_pool_get_default
 .text.alarm_pool_add_alarm_at
                0x0000000010002d00      0x10e src/CMakeFiles/ubc-pico.dir/usr/share/pico-sdk/src/common/pico_time/time.c.obj
                0x0000000010002d00                alarm_pool_add_alarm_at
 .text.add_alarm_at
                0x0000000010002e0e       0x2e src/CMakeFiles/ubc-pico.dir/usr/share/pico-sdk/src/common/pico_time/time.c.obj
 .text.alarm_pool_cancel_alarm
                0x0000000010002e3c       0xa0 src/CMakeFiles/ubc-pico.dir/usr/share/pico-sdk/src/common/pico_time/time.c.obj
                0x0000000010002e3c                alarm_pool_cancel_alarm
 .text.cancel_alarm
                0x0000000010002edc       0x10 src/CMakeFiles/ubc-pico.dir/usr/share/pico-sdk/src/common/pico_time/time.c.obj
 .text.alarm_pool_core_num
                0x0000000010002eec        0x4 src/CMakeFiles/ubc-pico.dir/usr/share/pico-sdk/src/common/pico_time/time.c.obj
                0x0000000010002eec                alarm_pool_core_num
 .text.sleep_until
                0x0000000010002ef0       0xb0 src/CMakeFiles/ubc-pico.dir/usr/share/pico-sdk/src/common/pico_time/time.c.obj
                0x0000000010002ef0                sleep_until
 .text.sleep_us
                0x0000000010002fa0       0x1a src/CMakeFiles/ubc-pico.dir/usr/share/pico-sdk/src/common/pico_time/time.c.obj
                0x0000000010002fa0                sleep_us
 .text.sleep_ms
                0x0000000010002fba       0x14 src/CMakeFiles/ubc-pico.dir/usr/share/pico-sdk/src/common/pico_time/time.c.obj
                0x0000000010002fba                sleep_ms
 *fill*         0x0000000010002fce        0x2 
 .text.best_effort_wfe_or_timeout
                0x0000000010002fd0       0x44 src/CMakeFiles/ubc-pico.dir/usr/share/pico-sdk/src/common/pico_time/time.c.obj
                0x0000000010002fd0                best_effort_wfe_or_timeout
 .text.hardware_alarm_irq_handler
                0x0000000010003014       0x8c src/CMakeFiles/ubc-pico.dir/usr/share/pico-sdk/src/rp2_common/hardware_timer/timer.c.obj
 .text.hardware_alarm_claim
                0x00000000100030a0       0x18 src/CMakeFiles/ubc-pico.dir/usr/share/pico-sdk/src/rp2_common/hardware_timer/timer.c.obj
                0x00000000100030a0                hardware_alarm_claim
 .text.time_us_64
                0x00000000100030b8       0x18 src/CMakeFiles/ubc-pico.dir/usr/share/pico-sdk/src/rp2_common/hardware_timer/timer.c.obj
                0x00000000100030b8                time_us_64
 .text.busy_wait_until
                0x00000000100030d0       0x28 src/CMakeFiles/ubc-pico.dir/usr/share/pico-sdk/src/rp2_common/hardware_timer/timer.c.obj
                0x00000000100030d0                busy_wait_until
 .text.hardware_alarm_set_callback
                0x00000000100030f8       0x90 src/CMakeFiles/ubc-pico.dir/usr/share/pico-sdk/src/rp2_common/hardware_timer/timer.c.obj
                0x00000000100030f8                hardware_alarm_set_callback
 .text.hardware_alarm_set_target
                0x0000000010003188       0xe8 src/CMakeFiles/ubc-pico.dir/usr/share/pico-sdk/src/rp2_common/hardware_timer/timer.c.obj
                0x0000000010003188                hardware_alarm_set_target
 .text.hardware_alarm_cancel
                0x0000000010003270       0x40 src/CMakeFiles/ubc-pico.dir/usr/share/pico-sdk/src/rp2_common/hardware_timer/timer.c.obj
                0x0000000010003270                hardware_alarm_cancel
 .text.ph_get_node
                0x00000000100032b0       0x30 src/CMakeFiles/ubc-pico.dir/usr/share/pico-sdk/src/common/pico_util/pheap.c.obj
 .text.ph_add_child_node
                0x00000000100032e0       0x6c src/CMakeFiles/ubc-pico.dir/usr/share/pico-sdk/src/common/pico_util/pheap.c.obj
 .text.ph_merge_nodes
                0x000000001000334c       0x3e src/CMakeFiles/ubc-pico.dir/usr/share/pico-sdk/src/common/pico_util/pheap.c.obj
 .text.ph_clear
                0x000000001000338a       0x34 src/CMakeFiles/ubc-pico.dir/usr/share/pico-sdk/src/common/pico_util/pheap.c.obj
                0x000000001000338a                ph_clear
 .text.ph_post_alloc_init
                0x00000000100033be        0xe src/CMakeFiles/ubc-pico.dir/usr/share/pico-sdk/src/common/pico_util/pheap.c.obj
                0x00000000100033be                ph_post_alloc_init
 .text.ph_merge_two_pass
                0x00000000100033cc       0x5c src/CMakeFiles/ubc-pico.dir/usr/share/pico-sdk/src/common/pico_util/pheap.c.obj
                0x00000000100033cc                ph_merge_two_pass
 .text.ph_remove_any_head
                0x0000000010003428       0xc0 src/CMakeFiles/ubc-pico.dir/usr/share/pico-sdk/src/common/pico_util/pheap.c.obj
 .text.ph_remove_head
                0x00000000100034e8       0x14 src/CMakeFiles/ubc-pico.dir/usr/share/pico-sdk/src/common/pico_util/pheap.c.obj
                0x00000000100034e8                ph_remove_head
 .text.ph_remove_and_free_node
                0x00000000100034fc       0xa0 src/CMakeFiles/ubc-pico.dir/usr/share/pico-sdk/src/common/pico_util/pheap.c.obj
                0x00000000100034fc                ph_remove_and_free_node
 .text.clock_configure
                0x000000001000359c      0x104 src/CMakeFiles/ubc-pico.dir/usr/share/pico-sdk/src/rp2_common/hardware_clocks/clocks.c.obj
                0x000000001000359c                clock_configure
 .text.clocks_init
                0x00000000100036a0      0x100 src/CMakeFiles/ubc-pico.dir/usr/share/pico-sdk/src/rp2_common/hardware_clocks/clocks.c.obj
                0x00000000100036a0                clocks_init
 .text.clock_get_hz
                0x00000000100037a0        0xc src/CMakeFiles/ubc-pico.dir/usr/share/pico-sdk/src/rp2_common/hardware_clocks/clocks.c.obj
                0x00000000100037a0                clock_get_hz
 .text.pll_init
                0x00000000100037ac      0x12c src/CMakeFiles/ubc-pico.dir/usr/share/pico-sdk/src/rp2_common/hardware_pll/pll.c.obj
                0x00000000100037ac                pll_init
 .text.watchdog_start_tick
                0x00000000100038d8       0x10 src/CMakeFiles/ubc-pico.dir/usr/share/pico-sdk/src/rp2_common/hardware_watchdog/watchdog.c.obj
                0x00000000100038d8                watchdog_start_tick
 .text.watchdog_update
                0x00000000100038e8       0x14 src/CMakeFiles/ubc-pico.dir/usr/share/pico-sdk/src/rp2_common/hardware_watchdog/watchdog.c.obj
                0x00000000100038e8                watchdog_update
 .text._watchdog_enable
                0x00000000100038fc       0x78 src/CMakeFiles/ubc-pico.dir/usr/share/pico-sdk/src/rp2_common/hardware_watchdog/watchdog.c.obj
                0x00000000100038fc                _watchdog_enable
 .text.watchdog_reboot
                0x0000000010003974       0x48 src/CMakeFiles/ubc-pico.dir/usr/share/pico-sdk/src/rp2_common/hardware_watchdog/watchdog.c.obj
                0x0000000010003974                watchdog_reboot
 .text.xosc_init
                0x00000000100039bc       0x28 src/CMakeFiles/ubc-pico.dir/usr/share/pico-sdk/src/rp2_common/hardware_xosc/xosc.c.obj
                0x00000000100039bc                xosc_init
 .text._exit    0x00000000100039e4        0x4 src/CMakeFiles/ubc-pico.dir/usr/share/pico-sdk/src/rp2_common/pico_runtime/runtime.c.obj
                0x00000000100039e4                _exit
 .text.exit     0x00000000100039e8        0x6 src/CMakeFiles/ubc-pico.dir/usr/share/pico-sdk/src/rp2_common/pico_runtime/runtime.c.obj
                0x00000000100039e8                exit
 *fill*         0x00000000100039ee        0x2 
 .text.__assert_func
                0x00000000100039f0       0x38 src/CMakeFiles/ubc-pico.dir/usr/share/pico-sdk/src/rp2_common/pico_runtime/runtime.c.obj
                0x00000000100039f0                __assert_func
 .text.runtime_init
                0x0000000010003a28       0xf8 src/CMakeFiles/ubc-pico.dir/usr/share/pico-sdk/src/rp2_common/pico_runtime/runtime.c.obj
                0x0000000010003a28                runtime_init
 .text.panic    0x0000000010003b20       0x30 src/CMakeFiles/ubc-pico.dir/usr/share/pico-sdk/src/rp2_common/pico_runtime/runtime.c.obj
                0x0000000010003b20                panic
 .text._out_null
                0x0000000010003b50        0x2 src/CMakeFiles/ubc-pico.dir/usr/share/pico-sdk/src/rp2_common/pico_printf/printf.c.obj
 .text._out_fct
                0x0000000010003b52        0xe src/CMakeFiles/ubc-pico.dir/usr/share/pico-sdk/src/rp2_common/pico_printf/printf.c.obj
 .text._atoi    0x0000000010003b60       0x24 src/CMakeFiles/ubc-pico.dir/usr/share/pico-sdk/src/rp2_common/pico_printf/printf.c.obj
 .text._out_rev
                0x0000000010003b84       0xae src/CMakeFiles/ubc-pico.dir/usr/share/pico-sdk/src/rp2_common/pico_printf/printf.c.obj
 .text._ntoa_format
                0x0000000010003c32      0x110 src/CMakeFiles/ubc-pico.dir/usr/share/pico-sdk/src/rp2_common/pico_printf/printf.c.obj
 .text._ntoa_long
                0x0000000010003d42       0xbc src/CMakeFiles/ubc-pico.dir/usr/share/pico-sdk/src/rp2_common/pico_printf/printf.c.obj
 .text._ntoa_long_long
                0x0000000010003dfe      0x10e src/CMakeFiles/ubc-pico.dir/usr/share/pico-sdk/src/rp2_common/pico_printf/printf.c.obj
 .text._etoa    0x0000000010003f0c      0x420 src/CMakeFiles/ubc-pico.dir/usr/share/pico-sdk/src/rp2_common/pico_printf/printf.c.obj
 .text._ftoa    0x000000001000432c      0x354 src/CMakeFiles/ubc-pico.dir/usr/share/pico-sdk/src/rp2_common/pico_printf/printf.c.obj
 .text._vsnprintf
                0x0000000010004680      0x65c src/CMakeFiles/ubc-pico.dir/usr/share/pico-sdk/src/rp2_common/pico_printf/printf.c.obj
 .text.vfctprintf
                0x0000000010004cdc       0x20 src/CMakeFiles/ubc-pico.dir/usr/share/pico-sdk/src/rp2_common/pico_printf/printf.c.obj
                0x0000000010004cdc                vfctprintf
 .text          0x0000000010004cfc       0x10 src/CMakeFiles/ubc-pico.dir/usr/share/pico-sdk/src/rp2_common/pico_bit_ops/bit_ops_aeabi.S.obj
 .text.rom_func_lookup
                0x0000000010004d0c       0x10 src/CMakeFiles/ubc-pico.dir/usr/share/pico-sdk/src/rp2_common/pico_bootrom/bootrom.c.obj
                0x0000000010004d0c                rom_func_lookup
 .text.rom_data_lookup
                0x0000000010004d1c       0x10 src/CMakeFiles/ubc-pico.dir/usr/share/pico-sdk/src/rp2_common/pico_bootrom/bootrom.c.obj
                0x0000000010004d1c                rom_data_lookup
 .text.rom_funcs_lookup
                0x0000000010004d2c       0x36 src/CMakeFiles/ubc-pico.dir/usr/share/pico-sdk/src/rp2_common/pico_bootrom/bootrom.c.obj
                0x0000000010004d2c                rom_funcs_lookup
 *fill*         0x0000000010004d62        0x2 
 .text.__wrap___aeabi_idiv
                0x0000000010004d64       0x50 src/CMakeFiles/ubc-pico.dir/usr/share/pico-sdk/src/rp2_common/pico_divider/divider.S.obj
                0x0000000010004d64                __wrap___aeabi_idivmod
                0x0000000010004d64                divmod_s32s32
                0x0000000010004d64                div_s32s32
                0x0000000010004d64                __wrap___aeabi_idiv
                0x0000000010004d6c                divmod_s32s32_unsafe
                0x0000000010004d98                divmod_s32s32_savestate
 .text.__wrap___aeabi_uidiv
                0x0000000010004db4       0x4c src/CMakeFiles/ubc-pico.dir/usr/share/pico-sdk/src/rp2_common/pico_divider/divider.S.obj
                0x0000000010004db4                __wrap___aeabi_uidiv
                0x0000000010004db4                __wrap___aeabi_uidivmod
                0x0000000010004db4                div_u32u32
                0x0000000010004db4                divmod_u32u32
                0x0000000010004dbc                divmod_u32u32_unsafe
                0x0000000010004de4                divmod_u32u32_savestate
 .text.__wrap___aeabi_ldiv
                0x0000000010004e00      0x424 src/CMakeFiles/ubc-pico.dir/usr/share/pico-sdk/src/rp2_common/pico_divider/divider.S.obj
                0x0000000010004e00                div_s64s64
                0x0000000010004e00                divmod_s64s64
                0x0000000010004e00                __wrap___aeabi_ldivmod
                0x0000000010004e30                div_u64u64
                0x0000000010004e30                divmod_u64u64
                0x0000000010004e30                __wrap___aeabi_uldivmod
                0x0000000010004e40                divmod_u64u64_savestate
                0x0000000010004e60                divmod_s64s64_unsafe
                0x0000000010004ee8                divmod_u64u64_unsafe
 .text.push_r8_r11
                0x0000000010005224        0xc src/CMakeFiles/ubc-pico.dir/usr/share/pico-sdk/src/rp2_common/pico_double/double_aeabi.S.obj
                0x0000000010005224                push_r8_r11
 .text.pop_r8_r11
                0x0000000010005230        0xc src/CMakeFiles/ubc-pico.dir/usr/share/pico-sdk/src/rp2_common/pico_double/double_aeabi.S.obj
                0x0000000010005230                pop_r8_r11
 .text.__wrap___aeabi_darithmetic
                0x000000001000523c       0x80 src/CMakeFiles/ubc-pico.dir/usr/share/pico-sdk/src/rp2_common/pico_double/double_aeabi.S.obj
                0x000000001000523c                __wrap___aeabi_drsub
                0x0000000010005242                __wrap___aeabi_dsub
                0x0000000010005254                __wrap___aeabi_dadd
                0x0000000010005266                __wrap___aeabi_ddiv
                0x00000000100052a2                __wrap___aeabi_dmul
 .text.__wrap___aeabi_cdcmple
                0x00000000100052bc       0x6c src/CMakeFiles/ubc-pico.dir/usr/share/pico-sdk/src/rp2_common/pico_double/double_aeabi.S.obj
                0x00000000100052bc                __wrap___aeabi_cdrcmple
                0x00000000100052cc                __wrap___aeabi_cdcmple
                0x00000000100052cc                __wrap___aeabi_cdcmpeq
 .text.__wrap___aeabi_dcmpeq
                0x0000000010005328       0x10 src/CMakeFiles/ubc-pico.dir/usr/share/pico-sdk/src/rp2_common/pico_double/double_aeabi.S.obj
                0x0000000010005328                __wrap___aeabi_dcmpeq
 .text.__wrap___aeabi_dcmplt
                0x0000000010005338        0xc src/CMakeFiles/ubc-pico.dir/usr/share/pico-sdk/src/rp2_common/pico_double/double_aeabi.S.obj
                0x0000000010005338                __wrap___aeabi_dcmplt
 .text.__wrap___aeabi_dcmple
                0x0000000010005344       0x10 src/CMakeFiles/ubc-pico.dir/usr/share/pico-sdk/src/rp2_common/pico_double/double_aeabi.S.obj
                0x0000000010005344                __wrap___aeabi_dcmple
 .text.__wrap___aeabi_dcmpge
                0x0000000010005354       0x10 src/CMakeFiles/ubc-pico.dir/usr/share/pico-sdk/src/rp2_common/pico_double/double_aeabi.S.obj
                0x0000000010005354                __wrap___aeabi_dcmpge
 .text.__wrap___aeabi_dcmpgt
                0x0000000010005364        0xa src/CMakeFiles/ubc-pico.dir/usr/share/pico-sdk/src/rp2_common/pico_double/double_aeabi.S.obj
                0x0000000010005364                __wrap___aeabi_dcmpgt
 .text.__wrap___aeabi_dcmpun
                0x000000001000536e       0x1c src/CMakeFiles/ubc-pico.dir/usr/share/pico-sdk/src/rp2_common/pico_double/double_aeabi.S.obj
                0x000000001000536e                __wrap___aeabi_dcmpun
 *fill*         0x000000001000538a        0x2 
 .text.__wrap___aeabi_i2d
                0x000000001000538c       0x38 src/CMakeFiles/ubc-pico.dir/usr/share/pico-sdk/src/rp2_common/pico_double/double_aeabi.S.obj
                0x000000001000538c                __wrap___aeabi_ui2d
                0x0000000010005394                __wrap___aeabi_i2d
 .text.__wrap___aeabi_d2iz
                0x00000000100053c4       0x48 src/CMakeFiles/ubc-pico.dir/usr/share/pico-sdk/src/rp2_common/pico_double/double_aeabi.S.obj
                0x00000000100053c4                __wrap___aeabi_d2iz
                0x00000000100053c4                double2int_z
 .text.__wrap___aeabi_d2uiz
                0x000000001000540c       0x18 src/CMakeFiles/ubc-pico.dir/usr/share/pico-sdk/src/rp2_common/pico_double/double_aeabi.S.obj
                0x000000001000540c                double2uint
                0x000000001000540c                __wrap___aeabi_d2uiz
 .text.fix642double
                0x0000000010005424       0x18 src/CMakeFiles/ubc-pico.dir/usr/share/pico-sdk/src/rp2_common/pico_double/double_aeabi.S.obj
                0x0000000010005424                fix642double
 .text.__wrap___aeabi_d2f
                0x000000001000543c       0x18 src/CMakeFiles/ubc-pico.dir/usr/share/pico-sdk/src/rp2_common/pico_double/double_aeabi.S.obj
                0x000000001000543c                __wrap___aeabi_d2f
 .text.__wrap_srqt
                0x0000000010005454       0x18 src/CMakeFiles/ubc-pico.dir/usr/share/pico-sdk/src/rp2_common/pico_double/double_aeabi.S.obj
                0x0000000010005454                __wrap_sqrt
 .text.__wrap_sincostan_remainder
                0x000000001000546c       0x14 src/CMakeFiles/ubc-pico.dir/usr/share/pico-sdk/src/rp2_common/pico_double/double_aeabi.S.obj
                0x000000001000546c                sincostan_remainder
 .text.__wrap_cos
                0x0000000010005480       0x2c src/CMakeFiles/ubc-pico.dir/usr/share/pico-sdk/src/rp2_common/pico_double/double_aeabi.S.obj
                0x0000000010005480                __wrap_cos
 .text.__wrap_sin
                0x00000000100054ac       0x2c src/CMakeFiles/ubc-pico.dir/usr/share/pico-sdk/src/rp2_common/pico_double/double_aeabi.S.obj
                0x00000000100054ac                __wrap_sin
 .text.__wrap_tan
                0x00000000100054d8       0x5c src/CMakeFiles/ubc-pico.dir/usr/share/pico-sdk/src/rp2_common/pico_double/double_aeabi.S.obj
                0x00000000100054d8                __wrap_tan
 .text.__wrap_exp
                0x0000000010005534       0x18 src/CMakeFiles/ubc-pico.dir/usr/share/pico-sdk/src/rp2_common/pico_double/double_aeabi.S.obj
                0x0000000010005534                __wrap_exp
 .text.__wrap_log
                0x000000001000554c       0x18 src/CMakeFiles/ubc-pico.dir/usr/share/pico-sdk/src/rp2_common/pico_double/double_aeabi.S.obj
                0x000000001000554c                __wrap_log
 .text.__aeabi_double_init
                0x0000000010005564       0xcc src/CMakeFiles/ubc-pico.dir/usr/share/pico-sdk/src/rp2_common/pico_double/double_init_rom.c.obj
                0x0000000010005564                __aeabi_double_init
 .text.dldexp   0x0000000010005630       0x50 src/CMakeFiles/ubc-pico.dir/usr/share/pico-sdk/src/rp2_common/pico_double/double_math.c.obj
 .text.disint   0x0000000010005680       0x60 src/CMakeFiles/ubc-pico.dir/usr/share/pico-sdk/src/rp2_common/pico_double/double_math.c.obj
 .text.disoddint
                0x00000000100056e0       0x7c src/CMakeFiles/ubc-pico.dir/usr/share/pico-sdk/src/rp2_common/pico_double/double_math.c.obj
 .text.dispo2   0x000000001000575c       0x28 src/CMakeFiles/ubc-pico.dir/usr/share/pico-sdk/src/rp2_common/pico_double/double_math.c.obj
 .text.dpow_int2
                0x0000000010005784       0x2c src/CMakeFiles/ubc-pico.dir/usr/share/pico-sdk/src/rp2_common/pico_double/double_math.c.obj
 .text.dpowint_1
                0x00000000100057b0       0x24 src/CMakeFiles/ubc-pico.dir/usr/share/pico-sdk/src/rp2_common/pico_double/double_math.c.obj
 .text.drem_0   0x00000000100057d4      0x122 src/CMakeFiles/ubc-pico.dir/usr/share/pico-sdk/src/rp2_common/pico_double/double_math.c.obj
 *fill*         0x00000000100058f6        0x2 
 .text.dpow_1   0x00000000100058f8      0x1dc src/CMakeFiles/ubc-pico.dir/usr/share/pico-sdk/src/rp2_common/pico_double/double_math.c.obj
 .text.dpow_0   0x0000000010005ad4       0xd8 src/CMakeFiles/ubc-pico.dir/usr/share/pico-sdk/src/rp2_common/pico_double/double_math.c.obj
 .text.__wrap_ldexp
                0x0000000010005bac        0x8 src/CMakeFiles/ubc-pico.dir/usr/share/pico-sdk/src/rp2_common/pico_double/double_math.c.obj
                0x0000000010005bac                __wrap_ldexp
 .text.__wrap_round
                0x0000000010005bb4       0x98 src/CMakeFiles/ubc-pico.dir/usr/share/pico-sdk/src/rp2_common/pico_double/double_math.c.obj
                0x0000000010005bb4                __wrap_round
 .text.__wrap_exp2
                0x0000000010005c4c       0x88 src/CMakeFiles/ubc-pico.dir/usr/share/pico-sdk/src/rp2_common/pico_double/double_math.c.obj
                0x0000000010005c4c                __wrap_exp2
 .text.__wrap_pow
                0x0000000010005cd4      0x168 src/CMakeFiles/ubc-pico.dir/usr/share/pico-sdk/src/rp2_common/pico_double/double_math.c.obj
                0x0000000010005cd4                __wrap_pow
 .text.__wrap_remquo
                0x0000000010005e3c      0x164 src/CMakeFiles/ubc-pico.dir/usr/share/pico-sdk/src/rp2_common/pico_double/double_math.c.obj
                0x0000000010005e3c                __wrap_remquo
 .text.__wrap_remainder
                0x0000000010005fa0       0x10 src/CMakeFiles/ubc-pico.dir/usr/share/pico-sdk/src/rp2_common/pico_double/double_math.c.obj
                0x0000000010005fa0                __wrap_remainder
 .text.double_table_shim_on_use_helper
                0x0000000010005fb0       0x34 src/CMakeFiles/ubc-pico.dir/usr/share/pico-sdk/src/rp2_common/pico_double/double_v1_rom_shim.S.obj
                0x0000000010005fb0                double_table_shim_on_use_helper
 .text.__wrap___aeabi_dsub
                0x0000000010005fe4       0x10 src/CMakeFiles/ubc-pico.dir/usr/share/pico-sdk/src/rp2_common/pico_double/double_v1_rom_shim.S.obj
                0x0000000010005fe4                drsub_shim
                0x0000000010005fea                dsub_shim
 .text.dadd_shim
                0x0000000010005ff4      0x15c src/CMakeFiles/ubc-pico.dir/usr/share/pico-sdk/src/rp2_common/pico_double/double_v1_rom_shim.S.obj
                0x0000000010005ff4                dadd_shim
 .text.dmul_shim
                0x0000000010006150      0x15c src/CMakeFiles/ubc-pico.dir/usr/share/pico-sdk/src/rp2_common/pico_double/double_v1_rom_shim.S.obj
                0x0000000010006150                dmul_shim
 .text.ddiv_shim
                0x00000000100062ac      0x1b0 src/CMakeFiles/ubc-pico.dir/usr/share/pico-sdk/src/rp2_common/pico_double/double_v1_rom_shim.S.obj
                0x00000000100062ac                ddiv_shim
 .text.dsqrt_shim
                0x000000001000645c      0x1a8 src/CMakeFiles/ubc-pico.dir/usr/share/pico-sdk/src/rp2_common/pico_double/double_v1_rom_shim.S.obj
                0x0000000010006478                dsqrt_shim
 .text.dcordic_vec_step
                0x0000000010006604        0xe src/CMakeFiles/ubc-pico.dir/usr/share/pico-sdk/src/rp2_common/pico_double/double_v1_rom_shim.S.obj
                0x0000000010006604                dcordic_vec_step
 .text.dcordic_rot_step
                0x0000000010006612       0x76 src/CMakeFiles/ubc-pico.dir/usr/share/pico-sdk/src/rp2_common/pico_double/double_v1_rom_shim.S.obj
                0x0000000010006612                dcordic_rot_step
 .text.double2uint_shim
                0x0000000010006688        0xe src/CMakeFiles/ubc-pico.dir/usr/share/pico-sdk/src/rp2_common/pico_double/double_v1_rom_shim.S.obj
                0x0000000010006688                double2uint_shim
                0x000000001000668a                double2ufix_shim
 .text.double2int64_shim
                0x0000000010006696       0x1a src/CMakeFiles/ubc-pico.dir/usr/share/pico-sdk/src/rp2_common/pico_double/double_v1_rom_shim.S.obj
                0x0000000010006696                double2int64_shim
                0x0000000010006698                double2fix64_shim
 .text.double2uint64_shim
                0x00000000100066b0       0x70 src/CMakeFiles/ubc-pico.dir/usr/share/pico-sdk/src/rp2_common/pico_double/double_v1_rom_shim.S.obj
                0x00000000100066b0                double2uint64_shim
                0x00000000100066b2                double2ufix64_shim
                0x00000000100066d2                d2fix_a
 .text.double2float_shim
                0x0000000010006720       0x5c src/CMakeFiles/ubc-pico.dir/usr/share/pico-sdk/src/rp2_common/pico_double/double_v1_rom_shim.S.obj
                0x0000000010006720                double2float_shim
 .text.x2double_shims
                0x000000001000677c       0x90 src/CMakeFiles/ubc-pico.dir/usr/share/pico-sdk/src/rp2_common/pico_double/double_v1_rom_shim.S.obj
                0x000000001000677c                uint2double_shim
                0x000000001000677e                ufix2double_shim
                0x0000000010006784                int2double_shim
                0x0000000010006786                fix2double_shim
                0x000000001000678c                uint642double_shim
                0x000000001000678e                ufix642double_shim
                0x0000000010006794                int642double_shim
                0x0000000010006796                fix642double_shim
 .text.dunpacks
                0x000000001000680c       0x3c src/CMakeFiles/ubc-pico.dir/usr/share/pico-sdk/src/rp2_common/pico_double/double_v1_rom_shim.S.obj
                0x000000001000680c                dunpacks
 .text.dreduce  0x0000000010006848       0x82 src/CMakeFiles/ubc-pico.dir/usr/share/pico-sdk/src/rp2_common/pico_double/double_v1_rom_shim.S.obj
                0x0000000010006848                dreduce
 .text.dtan_shim
                0x00000000100068ca       0x20 src/CMakeFiles/ubc-pico.dir/usr/share/pico-sdk/src/rp2_common/pico_double/double_v1_rom_shim.S.obj
                0x00000000100068ca                dtan_shim
 .text.dcos_shim
                0x00000000100068ea       0x10 src/CMakeFiles/ubc-pico.dir/usr/share/pico-sdk/src/rp2_common/pico_double/double_v1_rom_shim.S.obj
                0x00000000100068ea                dcos_shim
 .text.dsin_shim
                0x00000000100068fa       0x14 src/CMakeFiles/ubc-pico.dir/usr/share/pico-sdk/src/rp2_common/pico_double/double_v1_rom_shim.S.obj
                0x00000000100068fa                dsin_shim
 *fill*         0x000000001000690e        0x2 
 .text.dtrig_guts
                0x0000000010006910      0x2ec src/CMakeFiles/ubc-pico.dir/usr/share/pico-sdk/src/rp2_common/pico_double/double_v1_rom_shim.S.obj
                0x00000000100069e8                datan2_shim
 .text.dexp_guts
                0x0000000010006bfc      0x268 src/CMakeFiles/ubc-pico.dir/usr/share/pico-sdk/src/rp2_common/pico_double/double_v1_rom_shim.S.obj
                0x0000000010006bfc                dexp_shim
                0x0000000010006c98                dln_shim
 .text.__aeabi_lmul
                0x0000000010006e64       0x32 src/CMakeFiles/ubc-pico.dir/usr/share/pico-sdk/src/rp2_common/pico_int64_ops/pico_int64_ops_aeabi.S.obj
                0x0000000010006e64                __wrap___aeabi_lmul
 *fill*         0x0000000010006e96        0x2 
 .text.__wrap___aeabi_farithmetic
                0x0000000010006e98       0x58 src/CMakeFiles/ubc-pico.dir/usr/share/pico-sdk/src/rp2_common/pico_float/float_aeabi.S.obj
                0x0000000010006e98                __wrap___aeabi_frsub
                0x0000000010006e9e                __wrap___aeabi_fsub
                0x0000000010006ea8                __wrap___aeabi_fadd
                0x0000000010006eb2                __wrap___aeabi_fdiv
                0x0000000010006ede                __wrap___aeabi_fmul
 .text.__wrap___aeabi_cfcmple
                0x0000000010006ef0       0x50 src/CMakeFiles/ubc-pico.dir/usr/share/pico-sdk/src/rp2_common/pico_float/float_aeabi.S.obj
                0x0000000010006ef0                __wrap___aeabi_cfrcmple
                0x0000000010006efc                __wrap___aeabi_cfcmpeq
                0x0000000010006efc                __wrap___aeabi_cfcmple
 .text.__wrap___aeabi_fcmpeq
                0x0000000010006f40       0x10 src/CMakeFiles/ubc-pico.dir/usr/share/pico-sdk/src/rp2_common/pico_float/float_aeabi.S.obj
                0x0000000010006f40                __wrap___aeabi_fcmpeq
 .text.__wrap___aeabi_fcmplt
                0x0000000010006f50        0xc src/CMakeFiles/ubc-pico.dir/usr/share/pico-sdk/src/rp2_common/pico_float/float_aeabi.S.obj
                0x0000000010006f50                __wrap___aeabi_fcmplt
 .text.__wrap___aeabi_fcmple
                0x0000000010006f5c       0x10 src/CMakeFiles/ubc-pico.dir/usr/share/pico-sdk/src/rp2_common/pico_float/float_aeabi.S.obj
                0x0000000010006f5c                __wrap___aeabi_fcmple
 .text.__wrap___aeabi_fcmpgt
                0x0000000010006f6c        0xa src/CMakeFiles/ubc-pico.dir/usr/share/pico-sdk/src/rp2_common/pico_float/float_aeabi.S.obj
                0x0000000010006f6c                __wrap___aeabi_fcmpgt
 *fill*         0x0000000010006f76        0x2 
 .text.__wrap___aeabi_i2f
                0x0000000010006f78       0x44 src/CMakeFiles/ubc-pico.dir/usr/share/pico-sdk/src/rp2_common/pico_float/float_aeabi.S.obj
                0x0000000010006f78                __wrap___aeabi_i2f
 .text.__wrap___aeabi_f2iz
                0x0000000010006fbc       0x4e src/CMakeFiles/ubc-pico.dir/usr/share/pico-sdk/src/rp2_common/pico_float/float_aeabi.S.obj
                0x0000000010006fbc                __wrap___aeabi_f2iz
                0x0000000010006fbc                float2int_z
 *fill*         0x000000001000700a        0x2 
 .text.float2int
                0x000000001000700c       0x14 src/CMakeFiles/ubc-pico.dir/usr/share/pico-sdk/src/rp2_common/pico_float/float_aeabi.S.obj
                0x000000001000700c                float2int
 .text.__wrap___aeabi_f2uiz
                0x0000000010007020       0x10 src/CMakeFiles/ubc-pico.dir/usr/share/pico-sdk/src/rp2_common/pico_float/float_aeabi.S.obj
                0x0000000010007020                __wrap___aeabi_f2uiz
 .text.__wrap___aeabi_f2d
                0x0000000010007030       0x14 src/CMakeFiles/ubc-pico.dir/usr/share/pico-sdk/src/rp2_common/pico_float/float_aeabi.S.obj
                0x0000000010007030                __wrap___aeabi_f2d
 .text.__aeabi_float_init
                0x0000000010007044       0xfc src/CMakeFiles/ubc-pico.dir/usr/share/pico-sdk/src/rp2_common/pico_float/float_init_rom.c.obj
                0x0000000010007044                __aeabi_float_init
 .text.float_table_shim_on_use_helper
                0x0000000010007140       0x34 src/CMakeFiles/ubc-pico.dir/usr/share/pico-sdk/src/rp2_common/pico_float/float_v1_rom_shim.S.obj
                0x0000000010007140                float_table_shim_on_use_helper
 .text.float232_shims
                0x0000000010007174       0x18 src/CMakeFiles/ubc-pico.dir/usr/share/pico-sdk/src/rp2_common/pico_float/float_v1_rom_shim.S.obj
                0x0000000010007174                float2int_shim
                0x0000000010007176                float2fix_shim
 .text.float2double_shim
                0x000000001000718c       0x30 src/CMakeFiles/ubc-pico.dir/usr/share/pico-sdk/src/rp2_common/pico_float/float_v1_rom_shim.S.obj
                0x000000001000718c                float2double_shim
 .text          0x00000000100071bc       0x10 src/CMakeFiles/ubc-pico.dir/usr/share/pico-sdk/src/rp2_common/pico_mem_ops/mem_ops_aeabi.S.obj
                0x00000000100071bc                __aeabi_mem_init
 .text.memset   0x00000000100071cc        0xc src/CMakeFiles/ubc-pico.dir/usr/share/pico-sdk/src/rp2_common/pico_mem_ops/mem_ops_aeabi.S.obj
                0x00000000100071cc                __wrap_memset
 .text.memcpy   0x00000000100071d8        0xc src/CMakeFiles/ubc-pico.dir/usr/share/pico-sdk/src/rp2_common/pico_mem_ops/mem_ops_aeabi.S.obj
                0x00000000100071d8                __wrap___aeabi_memcpy
                0x00000000100071d8                __wrap_memcpy
 .text.stdio_out_chars_no_crlf
                0x00000000100071e4        0xe src/CMakeFiles/ubc-pico.dir/usr/share/pico-sdk/src/rp2_common/pico_stdio/stdio.c.obj
 *fill*         0x00000000100071f2        0x2 
 .text.stdio_out_chars_crlf
                0x00000000100071f4       0x80 src/CMakeFiles/ubc-pico.dir/usr/share/pico-sdk/src/rp2_common/pico_stdio/stdio.c.obj
 .text.stdio_stack_buffer_flush
                0x0000000010007274       0x44 src/CMakeFiles/ubc-pico.dir/usr/share/pico-sdk/src/rp2_common/pico_stdio/stdio.c.obj
 .text.stdio_buffered_printer
                0x00000000100072b8       0x20 src/CMakeFiles/ubc-pico.dir/usr/share/pico-sdk/src/rp2_common/pico_stdio/stdio.c.obj
 .text.update_us_since_boot
                0x00000000100072d8       0x24 src/CMakeFiles/ubc-pico.dir/usr/share/pico-sdk/src/rp2_common/pico_stdio/stdio.c.obj
 .text.get_absolute_time
                0x00000000100072fc       0x22 src/CMakeFiles/ubc-pico.dir/usr/share/pico-sdk/src/rp2_common/pico_stdio/stdio.c.obj
 *fill*         0x000000001000731e        0x2 
 .text.delayed_by_ms
                0x0000000010007320       0x44 src/CMakeFiles/ubc-pico.dir/usr/share/pico-sdk/src/rp2_common/pico_stdio/stdio.c.obj
 .text.make_timeout_time_ms
                0x0000000010007364       0x20 src/CMakeFiles/ubc-pico.dir/usr/share/pico-sdk/src/rp2_common/pico_stdio/stdio.c.obj
 .text.stdout_serialize_begin
                0x0000000010007384       0x20 src/CMakeFiles/ubc-pico.dir/usr/share/pico-sdk/src/rp2_common/pico_stdio/stdio.c.obj
                0x0000000010007384                stdout_serialize_begin
 .text.stdout_serialize_end
                0x00000000100073a4       0x10 src/CMakeFiles/ubc-pico.dir/usr/share/pico-sdk/src/rp2_common/pico_stdio/stdio.c.obj
                0x00000000100073a4                stdout_serialize_end
 .text.stdio_put_string
                0x00000000100073b4       0x98 src/CMakeFiles/ubc-pico.dir/usr/share/pico-sdk/src/rp2_common/pico_stdio/stdio.c.obj
 .text.stdio_set_driver_enabled
                0x000000001000744c       0x2c src/CMakeFiles/ubc-pico.dir/usr/share/pico-sdk/src/rp2_common/pico_stdio/stdio.c.obj
                0x000000001000744c                stdio_set_driver_enabled
 .text.stdio_flush
                0x0000000010007478       0x20 src/CMakeFiles/ubc-pico.dir/usr/share/pico-sdk/src/rp2_common/pico_stdio/stdio.c.obj
                0x0000000010007478                stdio_flush
 .text.__wrap_puts
                0x0000000010007498       0x1e src/CMakeFiles/ubc-pico.dir/usr/share/pico-sdk/src/rp2_common/pico_stdio/stdio.c.obj
                0x0000000010007498                __wrap_puts
 *fill*         0x00000000100074b6        0x2 
 .text.__wrap_vprintf
                0x00000000100074b8       0x40 src/CMakeFiles/ubc-pico.dir/usr/share/pico-sdk/src/rp2_common/pico_stdio/stdio.c.obj
                0x00000000100074b8                __wrap_vprintf
 .text.__wrap_printf
                0x00000000100074f8       0x18 src/CMakeFiles/ubc-pico.dir/usr/share/pico-sdk/src/rp2_common/pico_stdio/stdio.c.obj
                0x00000000100074f8                __wrap_printf
 .text.stdio_init_all
                0x0000000010007510        0x8 src/CMakeFiles/ubc-pico.dir/usr/share/pico-sdk/src/rp2_common/pico_stdio/stdio.c.obj
                0x0000000010007510                stdio_init_all
 .text.resetd_init
                0x0000000010007518        0x2 src/CMakeFiles/ubc-pico.dir/usr/share/pico-sdk/src/rp2_common/pico_stdio_usb/reset_interface.c.obj
 *fill*         0x000000001000751a        0x2 
 .text.resetd_reset
                0x000000001000751c        0xc src/CMakeFiles/ubc-pico.dir/usr/share/pico-sdk/src/rp2_common/pico_stdio_usb/reset_interface.c.obj
 .text.resetd_open
                0x0000000010007528       0x34 src/CMakeFiles/ubc-pico.dir/usr/share/pico-sdk/src/rp2_common/pico_stdio_usb/reset_interface.c.obj
 .text.resetd_xfer_cb
                0x000000001000755c        0x4 src/CMakeFiles/ubc-pico.dir/usr/share/pico-sdk/src/rp2_common/pico_stdio_usb/reset_interface.c.obj
 .text.reset_usb_boot
                0x0000000010007560       0x18 src/CMakeFiles/ubc-pico.dir/usr/share/pico-sdk/src/rp2_common/pico_stdio_usb/reset_interface.c.obj
 .text.resetd_control_xfer_cb
                0x0000000010007578       0x5c src/CMakeFiles/ubc-pico.dir/usr/share/pico-sdk/src/rp2_common/pico_stdio_usb/reset_interface.c.obj
 .text.usbd_app_driver_get_cb
                0x00000000100075d4        0xc src/CMakeFiles/ubc-pico.dir/usr/share/pico-sdk/src/rp2_common/pico_stdio_usb/reset_interface.c.obj
                0x00000000100075d4                usbd_app_driver_get_cb
 .text.tud_cdc_line_coding_cb
                0x00000000100075e0       0x28 src/CMakeFiles/ubc-pico.dir/usr/share/pico-sdk/src/rp2_common/pico_stdio_usb/reset_interface.c.obj
                0x00000000100075e0                tud_cdc_line_coding_cb
 .text.stdio_usb_set_chars_available_callback
                0x0000000010007608       0x14 src/CMakeFiles/ubc-pico.dir/usr/share/pico-sdk/src/rp2_common/pico_stdio_usb/stdio_usb.c.obj
                0x0000000010007608                stdio_usb_set_chars_available_callback
 .text.update_us_since_boot
                0x000000001000761c       0x24 src/CMakeFiles/ubc-pico.dir/usr/share/pico-sdk/src/rp2_common/pico_stdio_usb/stdio_usb.c.obj
 .text.get_absolute_time
                0x0000000010007640       0x22 src/CMakeFiles/ubc-pico.dir/usr/share/pico-sdk/src/rp2_common/pico_stdio_usb/stdio_usb.c.obj
 *fill*         0x0000000010007662        0x2 
 .text.delayed_by_ms
                0x0000000010007664       0x44 src/CMakeFiles/ubc-pico.dir/usr/share/pico-sdk/src/rp2_common/pico_stdio_usb/stdio_usb.c.obj
 .text.make_timeout_time_ms
                0x00000000100076a8       0x20 src/CMakeFiles/ubc-pico.dir/usr/share/pico-sdk/src/rp2_common/pico_stdio_usb/stdio_usb.c.obj
 .text.delayed_by_us
                0x00000000100076c8       0x34 src/CMakeFiles/ubc-pico.dir/usr/share/pico-sdk/src/rp2_common/pico_stdio_usb/stdio_usb.c.obj
 .text.usb_irq  0x00000000100076fc       0x10 src/CMakeFiles/ubc-pico.dir/usr/share/pico-sdk/src/rp2_common/pico_stdio_usb/stdio_usb.c.obj
 .text.timer_task
                0x000000001000770c       0x58 src/CMakeFiles/ubc-pico.dir/usr/share/pico-sdk/src/rp2_common/pico_stdio_usb/stdio_usb.c.obj
 .text.alarm_pool_add_alarm_in_us
                0x0000000010007764       0x3a src/CMakeFiles/ubc-pico.dir/usr/share/pico-sdk/src/rp2_common/pico_stdio_usb/stdio_usb.c.obj
 .text.add_alarm_in_us
                0x000000001000779e       0x2e src/CMakeFiles/ubc-pico.dir/usr/share/pico-sdk/src/rp2_common/pico_stdio_usb/stdio_usb.c.obj
 .text.low_priority_worker_irq
                0x00000000100077cc       0x84 src/CMakeFiles/ubc-pico.dir/usr/share/pico-sdk/src/rp2_common/pico_stdio_usb/stdio_usb.c.obj
 .text.tud_cdc_rx_cb
                0x0000000010007850       0x20 src/CMakeFiles/ubc-pico.dir/usr/share/pico-sdk/src/rp2_common/pico_stdio_usb/stdio_usb.c.obj
                0x0000000010007850                tud_cdc_rx_cb
 .text.stdio_usb_init
                0x0000000010007870       0xdc src/CMakeFiles/ubc-pico.dir/usr/share/pico-sdk/src/rp2_common/pico_stdio_usb/stdio_usb.c.obj
                0x0000000010007870                stdio_usb_init
 .text.stdio_usb_connected
                0x000000001000794c        0xa src/CMakeFiles/ubc-pico.dir/usr/share/pico-sdk/src/rp2_common/pico_stdio_usb/stdio_usb.c.obj
                0x000000001000794c                stdio_usb_connected
 *fill*         0x0000000010007956        0x2 
 .text.stdio_usb_in_chars
                0x0000000010007958       0x88 src/CMakeFiles/ubc-pico.dir/usr/share/pico-sdk/src/rp2_common/pico_stdio_usb/stdio_usb.c.obj
                0x0000000010007958                stdio_usb_in_chars
 .text.stdio_usb_out_chars
                0x00000000100079e0       0xd8 src/CMakeFiles/ubc-pico.dir/usr/share/pico-sdk/src/rp2_common/pico_stdio_usb/stdio_usb.c.obj
 .text.tud_descriptor_device_cb
                0x0000000010007ab8        0x8 src/CMakeFiles/ubc-pico.dir/usr/share/pico-sdk/src/rp2_common/pico_stdio_usb/stdio_usb_descriptors.c.obj
                0x0000000010007ab8                tud_descriptor_device_cb
 .text.tud_descriptor_configuration_cb
                0x0000000010007ac0        0x8 src/CMakeFiles/ubc-pico.dir/usr/share/pico-sdk/src/rp2_common/pico_stdio_usb/stdio_usb_descriptors.c.obj
                0x0000000010007ac0                tud_descriptor_configuration_cb
 .text.tud_descriptor_string_cb
                0x0000000010007ac8       0x6c src/CMakeFiles/ubc-pico.dir/usr/share/pico-sdk/src/rp2_common/pico_stdio_usb/stdio_usb_descriptors.c.obj
                0x0000000010007ac8                tud_descriptor_string_cb
 .text._retrieve_unique_id_on_boot
                0x0000000010007b34       0x10 src/CMakeFiles/ubc-pico.dir/usr/share/pico-sdk/src/rp2_common/pico_unique_id/unique_id.c.obj
 .text.pico_get_unique_board_id_string
                0x0000000010007b44       0x5c src/CMakeFiles/ubc-pico.dir/usr/share/pico-sdk/src/rp2_common/pico_unique_id/unique_id.c.obj
                0x0000000010007b44                pico_get_unique_board_id_string
 .text.flash_get_unique_id
                0x0000000010007ba0       0x46 src/CMakeFiles/ubc-pico.dir/usr/share/pico-sdk/src/rp2_common/hardware_flash/flash.c.obj
                0x0000000010007ba0                flash_get_unique_id
 *fill*         0x0000000010007be6        0x2 
 .text.hw_endpoint_get_by_addr
                0x0000000010007be8       0x18 src/CMakeFiles/ubc-pico.dir/usr/share/pico-sdk/lib/tinyusb/src/portable/raspberrypi/rp2040/dcd_rp2040.c.obj
 .text._hw_endpoint_alloc
                0x0000000010007c00       0x70 src/CMakeFiles/ubc-pico.dir/usr/share/pico-sdk/lib/tinyusb/src/portable/raspberrypi/rp2040/dcd_rp2040.c.obj
 .text.hw_endpoint_init
                0x0000000010007c70       0x88 src/CMakeFiles/ubc-pico.dir/usr/share/pico-sdk/lib/tinyusb/src/portable/raspberrypi/rp2040/dcd_rp2040.c.obj
 .text.dcd_event_sof
                0x0000000010007cf8       0x2c src/CMakeFiles/ubc-pico.dir/usr/share/pico-sdk/lib/tinyusb/src/portable/raspberrypi/rp2040/dcd_rp2040.c.obj
 .text.hw_endpoint_xfer
                0x0000000010007d24       0x14 src/CMakeFiles/ubc-pico.dir/usr/share/pico-sdk/lib/tinyusb/src/portable/raspberrypi/rp2040/dcd_rp2040.c.obj
 .text.dcd_int_enable
                0x0000000010007d38       0x2c src/CMakeFiles/ubc-pico.dir/usr/share/pico-sdk/lib/tinyusb/src/portable/raspberrypi/rp2040/dcd_rp2040.c.obj
                0x0000000010007d38                dcd_int_enable
 .text.dcd_set_address
                0x0000000010007d64       0x2c src/CMakeFiles/ubc-pico.dir/usr/share/pico-sdk/lib/tinyusb/src/portable/raspberrypi/rp2040/dcd_rp2040.c.obj
                0x0000000010007d64                dcd_set_address
 .text.dcd_connect
                0x0000000010007d90       0x10 src/CMakeFiles/ubc-pico.dir/usr/share/pico-sdk/lib/tinyusb/src/portable/raspberrypi/rp2040/dcd_rp2040.c.obj
                0x0000000010007d90                dcd_connect
 .text.dcd_init
                0x0000000010007da0       0x80 src/CMakeFiles/ubc-pico.dir/usr/share/pico-sdk/lib/tinyusb/src/portable/raspberrypi/rp2040/dcd_rp2040.c.obj
                0x0000000010007da0                dcd_init
 .text.dcd_edpt0_status_complete
                0x0000000010007e20       0x1c src/CMakeFiles/ubc-pico.dir/usr/share/pico-sdk/lib/tinyusb/src/portable/raspberrypi/rp2040/dcd_rp2040.c.obj
                0x0000000010007e20                dcd_edpt0_status_complete
 .text.dcd_edpt_open
                0x0000000010007e3c       0x40 src/CMakeFiles/ubc-pico.dir/usr/share/pico-sdk/lib/tinyusb/src/portable/raspberrypi/rp2040/dcd_rp2040.c.obj
                0x0000000010007e3c                dcd_edpt_open
 .text.dcd_edpt_close_all
                0x0000000010007e7c        0x8 src/CMakeFiles/ubc-pico.dir/usr/share/pico-sdk/lib/tinyusb/src/portable/raspberrypi/rp2040/dcd_rp2040.c.obj
                0x0000000010007e7c                dcd_edpt_close_all
 .text.dcd_edpt_xfer
                0x0000000010007e84       0x34 src/CMakeFiles/ubc-pico.dir/usr/share/pico-sdk/lib/tinyusb/src/portable/raspberrypi/rp2040/dcd_rp2040.c.obj
                0x0000000010007e84                dcd_edpt_xfer
 .text.dcd_edpt_stall
                0x0000000010007eb8       0x2c src/CMakeFiles/ubc-pico.dir/usr/share/pico-sdk/lib/tinyusb/src/portable/raspberrypi/rp2040/dcd_rp2040.c.obj
                0x0000000010007eb8                dcd_edpt_stall
 .text.dcd_edpt_clear_stall
                0x0000000010007ee4       0x20 src/CMakeFiles/ubc-pico.dir/usr/share/pico-sdk/lib/tinyusb/src/portable/raspberrypi/rp2040/dcd_rp2040.c.obj
                0x0000000010007ee4                dcd_edpt_clear_stall
 .text.rp2040_usb_init
                0x0000000010007f04       0x4c src/CMakeFiles/ubc-pico.dir/usr/share/pico-sdk/lib/tinyusb/src/portable/raspberrypi/rp2040/rp2040_usb.c.obj
                0x0000000010007f04                rp2040_usb_init
 .text.hw_endpoint_xfer_start
                0x0000000010007f50       0x50 src/CMakeFiles/ubc-pico.dir/usr/share/pico-sdk/lib/tinyusb/src/portable/raspberrypi/rp2040/rp2040_usb.c.obj
                0x0000000010007f50                hw_endpoint_xfer_start
 .text.configuration_reset
                0x0000000010007fa0       0x84 src/CMakeFiles/ubc-pico.dir/usr/share/pico-sdk/lib/tinyusb/src/device/usbd.c.obj
 .text.usbd_reset
                0x0000000010008024        0xc src/CMakeFiles/ubc-pico.dir/usr/share/pico-sdk/lib/tinyusb/src/device/usbd.c.obj
 .text.invoke_class_control
                0x0000000010008030       0x1a src/CMakeFiles/ubc-pico.dir/usr/share/pico-sdk/lib/tinyusb/src/device/usbd.c.obj
 *fill*         0x000000001000804a        0x2 
 .text.process_set_config
                0x000000001000804c      0x178 src/CMakeFiles/ubc-pico.dir/usr/share/pico-sdk/lib/tinyusb/src/device/usbd.c.obj
 .text.process_get_descriptor
                0x00000000100081c4       0xdc src/CMakeFiles/ubc-pico.dir/usr/share/pico-sdk/lib/tinyusb/src/device/usbd.c.obj
 .text.tud_mounted
                0x00000000100082a0       0x10 src/CMakeFiles/ubc-pico.dir/usr/share/pico-sdk/lib/tinyusb/src/device/usbd.c.obj
                0x00000000100082a0                tud_mounted
 .text.tud_suspended
                0x00000000100082b0       0x10 src/CMakeFiles/ubc-pico.dir/usr/share/pico-sdk/lib/tinyusb/src/device/usbd.c.obj
                0x00000000100082b0                tud_suspended
 .text.tud_inited
                0x00000000100082c0       0x14 src/CMakeFiles/ubc-pico.dir/usr/share/pico-sdk/lib/tinyusb/src/device/usbd.c.obj
                0x00000000100082c0                tud_inited
 .text.tud_init
                0x00000000100082d4       0xcc src/CMakeFiles/ubc-pico.dir/usr/share/pico-sdk/lib/tinyusb/src/device/usbd.c.obj
                0x00000000100082d4                tud_init
 .text.usbd_defer_func
                0x00000000100083a0       0x2a src/CMakeFiles/ubc-pico.dir/usr/share/pico-sdk/lib/tinyusb/src/device/usbd.c.obj
                0x00000000100083a0                usbd_defer_func
 *fill*         0x00000000100083ca        0x2 
 .text.usbd_edpt_open
                0x00000000100083cc       0x34 src/CMakeFiles/ubc-pico.dir/usr/share/pico-sdk/lib/tinyusb/src/device/usbd.c.obj
                0x00000000100083cc                usbd_edpt_open
 .text.usbd_open_edpt_pair
                0x0000000010008400       0x62 src/CMakeFiles/ubc-pico.dir/usr/share/pico-sdk/lib/tinyusb/src/device/usbd.c.obj
                0x0000000010008400                usbd_open_edpt_pair
 *fill*         0x0000000010008462        0x2 
 .text.usbd_edpt_claim
                0x0000000010008464       0x28 src/CMakeFiles/ubc-pico.dir/usr/share/pico-sdk/lib/tinyusb/src/device/usbd.c.obj
                0x0000000010008464                usbd_edpt_claim
 .text.usbd_edpt_release
                0x000000001000848c       0x28 src/CMakeFiles/ubc-pico.dir/usr/share/pico-sdk/lib/tinyusb/src/device/usbd.c.obj
                0x000000001000848c                usbd_edpt_release
 .text.usbd_edpt_xfer
                0x00000000100084b4       0x78 src/CMakeFiles/ubc-pico.dir/usr/share/pico-sdk/lib/tinyusb/src/device/usbd.c.obj
                0x00000000100084b4                usbd_edpt_xfer
 .text.usbd_edpt_stall
                0x000000001000852c       0x48 src/CMakeFiles/ubc-pico.dir/usr/share/pico-sdk/lib/tinyusb/src/device/usbd.c.obj
                0x000000001000852c                usbd_edpt_stall
 .text.usbd_edpt_clear_stall
                0x0000000010008574       0x48 src/CMakeFiles/ubc-pico.dir/usr/share/pico-sdk/lib/tinyusb/src/device/usbd.c.obj
                0x0000000010008574                usbd_edpt_clear_stall
 .text.usbd_edpt_stalled
                0x00000000100085bc       0x1c src/CMakeFiles/ubc-pico.dir/usr/share/pico-sdk/lib/tinyusb/src/device/usbd.c.obj
                0x00000000100085bc                usbd_edpt_stalled
 .text.process_control_request
                0x00000000100085d8      0x374 src/CMakeFiles/ubc-pico.dir/usr/share/pico-sdk/lib/tinyusb/src/device/usbd.c.obj
 .text.tud_task_ext
                0x000000001000894c      0x1b4 src/CMakeFiles/ubc-pico.dir/usr/share/pico-sdk/lib/tinyusb/src/device/usbd.c.obj
                0x000000001000894c                tud_task_ext
 .text._status_stage_xact
                0x0000000010008b00       0x1a src/CMakeFiles/ubc-pico.dir/usr/share/pico-sdk/lib/tinyusb/src/device/usbd_control.c.obj
 *fill*         0x0000000010008b1a        0x2 
 .text._data_stage_xact
                0x0000000010008b1c       0x58 src/CMakeFiles/ubc-pico.dir/usr/share/pico-sdk/lib/tinyusb/src/device/usbd_control.c.obj
 .text.tud_control_status
                0x0000000010008b74       0x28 src/CMakeFiles/ubc-pico.dir/usr/share/pico-sdk/lib/tinyusb/src/device/usbd_control.c.obj
                0x0000000010008b74                tud_control_status
 .text.tud_control_xfer
                0x0000000010008b9c       0x68 src/CMakeFiles/ubc-pico.dir/usr/share/pico-sdk/lib/tinyusb/src/device/usbd_control.c.obj
                0x0000000010008b9c                tud_control_xfer
 .text.usbd_control_reset
                0x0000000010008c04       0x14 src/CMakeFiles/ubc-pico.dir/usr/share/pico-sdk/lib/tinyusb/src/device/usbd_control.c.obj
                0x0000000010008c04                usbd_control_reset
 .text.usbd_control_set_complete_callback
                0x0000000010008c18        0xc src/CMakeFiles/ubc-pico.dir/usr/share/pico-sdk/lib/tinyusb/src/device/usbd_control.c.obj
                0x0000000010008c18                usbd_control_set_complete_callback
 .text.usbd_control_set_request
                0x0000000010008c24       0x1c src/CMakeFiles/ubc-pico.dir/usr/share/pico-sdk/lib/tinyusb/src/device/usbd_control.c.obj
                0x0000000010008c24                usbd_control_set_request
 .text.usbd_control_xfer_cb
                0x0000000010008c40       0xbc src/CMakeFiles/ubc-pico.dir/usr/share/pico-sdk/lib/tinyusb/src/device/usbd_control.c.obj
                0x0000000010008c40                usbd_control_xfer_cb
 .text._prep_out_transaction
                0x0000000010008cfc       0x4a src/CMakeFiles/ubc-pico.dir/usr/share/pico-sdk/lib/tinyusb/src/class/cdc/cdc_device.c.obj
 *fill*         0x0000000010008d46        0x2 
 .text.tud_cdc_n_connected
                0x0000000010008d48       0x38 src/CMakeFiles/ubc-pico.dir/usr/share/pico-sdk/lib/tinyusb/src/class/cdc/cdc_device.c.obj
                0x0000000010008d48                tud_cdc_n_connected
 .text.tud_cdc_n_available
                0x0000000010008d80       0x18 src/CMakeFiles/ubc-pico.dir/usr/share/pico-sdk/lib/tinyusb/src/class/cdc/cdc_device.c.obj
                0x0000000010008d80                tud_cdc_n_available
 .text.tud_cdc_n_read
                0x0000000010008d98       0x28 src/CMakeFiles/ubc-pico.dir/usr/share/pico-sdk/lib/tinyusb/src/class/cdc/cdc_device.c.obj
                0x0000000010008d98                tud_cdc_n_read
 .text.tud_cdc_n_write_flush
                0x0000000010008dc0       0xb8 src/CMakeFiles/ubc-pico.dir/usr/share/pico-sdk/lib/tinyusb/src/class/cdc/cdc_device.c.obj
                0x0000000010008dc0                tud_cdc_n_write_flush
 .text.tud_cdc_n_write
                0x0000000010008e78       0x38 src/CMakeFiles/ubc-pico.dir/usr/share/pico-sdk/lib/tinyusb/src/class/cdc/cdc_device.c.obj
                0x0000000010008e78                tud_cdc_n_write
 .text.tud_cdc_n_write_available
                0x0000000010008eb0       0x1c src/CMakeFiles/ubc-pico.dir/usr/share/pico-sdk/lib/tinyusb/src/class/cdc/cdc_device.c.obj
                0x0000000010008eb0                tud_cdc_n_write_available
 .text.cdcd_init
                0x0000000010008ecc       0xbc src/CMakeFiles/ubc-pico.dir/usr/share/pico-sdk/lib/tinyusb/src/class/cdc/cdc_device.c.obj
                0x0000000010008ecc                cdcd_init
 .text.cdcd_reset
                0x0000000010008f88       0x44 src/CMakeFiles/ubc-pico.dir/usr/share/pico-sdk/lib/tinyusb/src/class/cdc/cdc_device.c.obj
                0x0000000010008f88                cdcd_reset
 .text.cdcd_open
                0x0000000010008fcc       0xc4 src/CMakeFiles/ubc-pico.dir/usr/share/pico-sdk/lib/tinyusb/src/class/cdc/cdc_device.c.obj
                0x0000000010008fcc                cdcd_open
 .text.cdcd_control_xfer_cb
                0x0000000010009090      0x134 src/CMakeFiles/ubc-pico.dir/usr/share/pico-sdk/lib/tinyusb/src/class/cdc/cdc_device.c.obj
                0x0000000010009090                cdcd_control_xfer_cb
 .text.cdcd_xfer_cb
                0x00000000100091c4      0x130 src/CMakeFiles/ubc-pico.dir/usr/share/pico-sdk/lib/tinyusb/src/class/cdc/cdc_device.c.obj
                0x00000000100091c4                cdcd_xfer_cb
 .text.tusb_init
                0x00000000100092f4        0xa src/CMakeFiles/ubc-pico.dir/usr/share/pico-sdk/lib/tinyusb/src/tusb.c.obj
                0x00000000100092f4                tusb_init
 .text.tusb_inited
                0x00000000100092fe        0xe src/CMakeFiles/ubc-pico.dir/usr/share/pico-sdk/lib/tinyusb/src/tusb.c.obj
                0x00000000100092fe                tusb_inited
 .text.tu_edpt_claim
                0x000000001000930c       0x50 src/CMakeFiles/ubc-pico.dir/usr/share/pico-sdk/lib/tinyusb/src/tusb.c.obj
                0x000000001000930c                tu_edpt_claim
 .text.tu_edpt_release
                0x000000001000935c       0x38 src/CMakeFiles/ubc-pico.dir/usr/share/pico-sdk/lib/tinyusb/src/tusb.c.obj
                0x000000001000935c                tu_edpt_release
 .text.tu_edpt_validate
                0x0000000010009394       0x78 src/CMakeFiles/ubc-pico.dir/usr/share/pico-sdk/lib/tinyusb/src/tusb.c.obj
                0x0000000010009394                tu_edpt_validate
 .text.tu_edpt_bind_driver
                0x000000001000940c       0x26 src/CMakeFiles/ubc-pico.dir/usr/share/pico-sdk/lib/tinyusb/src/tusb.c.obj
                0x000000001000940c                tu_edpt_bind_driver
 .text.advance_index
                0x0000000010009432       0x1a src/CMakeFiles/ubc-pico.dir/usr/share/pico-sdk/lib/tinyusb/src/common/tusb_fifo.c.obj
 .text._tu_fifo_peek
                0x000000001000944c       0x56 src/CMakeFiles/ubc-pico.dir/usr/share/pico-sdk/lib/tinyusb/src/common/tusb_fifo.c.obj
 .text._ff_pull_const_addr
                0x00000000100094a2       0x4c src/CMakeFiles/ubc-pico.dir/usr/share/pico-sdk/lib/tinyusb/src/common/tusb_fifo.c.obj
 .text._ff_pull_n
                0x00000000100094ee      0x110 src/CMakeFiles/ubc-pico.dir/usr/share/pico-sdk/lib/tinyusb/src/common/tusb_fifo.c.obj
 .text._tu_fifo_peek_n
                0x00000000100095fe       0x6a src/CMakeFiles/ubc-pico.dir/usr/share/pico-sdk/lib/tinyusb/src/common/tusb_fifo.c.obj
 .text._tu_fifo_read_n
                0x0000000010009668       0x4e src/CMakeFiles/ubc-pico.dir/usr/share/pico-sdk/lib/tinyusb/src/common/tusb_fifo.c.obj
 .text._ff_push_const_addr
                0x00000000100096b6       0x40 src/CMakeFiles/ubc-pico.dir/usr/share/pico-sdk/lib/tinyusb/src/common/tusb_fifo.c.obj
 .text._ff_push_n
                0x00000000100096f6      0x10c src/CMakeFiles/ubc-pico.dir/usr/share/pico-sdk/lib/tinyusb/src/common/tusb_fifo.c.obj
 .text._tu_fifo_write_n
                0x0000000010009802       0xf0 src/CMakeFiles/ubc-pico.dir/usr/share/pico-sdk/lib/tinyusb/src/common/tusb_fifo.c.obj
 .text.tu_fifo_config
                0x00000000100098f2       0x7c src/CMakeFiles/ubc-pico.dir/usr/share/pico-sdk/lib/tinyusb/src/common/tusb_fifo.c.obj
                0x00000000100098f2                tu_fifo_config
 .text.tu_fifo_count
                0x000000001000996e       0x2a src/CMakeFiles/ubc-pico.dir/usr/share/pico-sdk/lib/tinyusb/src/common/tusb_fifo.c.obj
                0x000000001000996e                tu_fifo_count
 .text.tu_fifo_empty
                0x0000000010009998        0xe src/CMakeFiles/ubc-pico.dir/usr/share/pico-sdk/lib/tinyusb/src/common/tusb_fifo.c.obj
                0x0000000010009998                tu_fifo_empty
 .text.tu_fifo_full
                0x00000000100099a6       0x28 src/CMakeFiles/ubc-pico.dir/usr/share/pico-sdk/lib/tinyusb/src/common/tusb_fifo.c.obj
                0x00000000100099a6                tu_fifo_full
 .text.tu_fifo_remaining
                0x00000000100099ce       0x2c src/CMakeFiles/ubc-pico.dir/usr/share/pico-sdk/lib/tinyusb/src/common/tusb_fifo.c.obj
                0x00000000100099ce                tu_fifo_remaining
 .text.tu_fifo_read
                0x00000000100099fa       0x42 src/CMakeFiles/ubc-pico.dir/usr/share/pico-sdk/lib/tinyusb/src/common/tusb_fifo.c.obj
                0x00000000100099fa                tu_fifo_read
 .text.tu_fifo_read_n
                0x0000000010009a3c        0xa src/CMakeFiles/ubc-pico.dir/usr/share/pico-sdk/lib/tinyusb/src/common/tusb_fifo.c.obj
                0x0000000010009a3c                tu_fifo_read_n
 .text.tu_fifo_write
                0x0000000010009a46       0x64 src/CMakeFiles/ubc-pico.dir/usr/share/pico-sdk/lib/tinyusb/src/common/tusb_fifo.c.obj
                0x0000000010009a46                tu_fifo_write
 .text.tu_fifo_write_n
                0x0000000010009aaa        0xa src/CMakeFiles/ubc-pico.dir/usr/share/pico-sdk/lib/tinyusb/src/common/tusb_fifo.c.obj
                0x0000000010009aaa                tu_fifo_write_n
 .text.tu_fifo_clear
                0x0000000010009ab4       0x3e src/CMakeFiles/ubc-pico.dir/usr/share/pico-sdk/lib/tinyusb/src/common/tusb_fifo.c.obj
                0x0000000010009ab4                tu_fifo_clear
 .text.tu_fifo_set_overwritable
                0x0000000010009af2       0x46 src/CMakeFiles/ubc-pico.dir/usr/share/pico-sdk/lib/tinyusb/src/common/tusb_fifo.c.obj
                0x0000000010009af2                tu_fifo_set_overwritable
 .text.core1_trampoline
                0x0000000010009b38        0x2 src/CMakeFiles/ubc-pico.dir/usr/share/pico-sdk/src/rp2_common/pico_multicore/multicore.c.obj
 .text.core1_wrapper
                0x0000000010009b3a        0xc src/CMakeFiles/ubc-pico.dir/usr/share/pico-sdk/src/rp2_common/pico_multicore/multicore.c.obj
                0x0000000010009b3a                core1_wrapper
 .text.multicore_fifo_push_blocking
                0x0000000010009b46       0x14 src/CMakeFiles/ubc-pico.dir/usr/share/pico-sdk/src/rp2_common/pico_multicore/multicore.c.obj
                0x0000000010009b46                multicore_fifo_push_blocking
 .text.multicore_fifo_pop_blocking
                0x0000000010009b5a       0x16 src/CMakeFiles/ubc-pico.dir/usr/share/pico-sdk/src/rp2_common/pico_multicore/multicore.c.obj
                0x0000000010009b5a                multicore_fifo_pop_blocking
 .text.multicore_launch_core1_raw
                0x0000000010009b70       0x70 src/CMakeFiles/ubc-pico.dir/usr/share/pico-sdk/src/rp2_common/pico_multicore/multicore.c.obj
                0x0000000010009b70                multicore_launch_core1_raw
 .text.multicore_launch_core1_with_stack
                0x0000000010009be0       0x50 src/CMakeFiles/ubc-pico.dir/usr/share/pico-sdk/src/rp2_common/pico_multicore/multicore.c.obj
                0x0000000010009be0                multicore_launch_core1_with_stack
 .text.multicore_launch_core1
                0x0000000010009c30       0x24 src/CMakeFiles/ubc-pico.dir/usr/share/pico-sdk/src/rp2_common/pico_multicore/multicore.c.obj
                0x0000000010009c30                multicore_launch_core1
 .text.i2c_write_blocking_internal
                0x0000000010009c54      0x146 src/CMakeFiles/ubc-pico.dir/usr/share/pico-sdk/src/rp2_common/hardware_i2c/i2c.c.obj
 *fill*         0x0000000010009d9a        0x2 
 .text.i2c_set_baudrate
                0x0000000010009d9c       0xf0 src/CMakeFiles/ubc-pico.dir/usr/share/pico-sdk/src/rp2_common/hardware_i2c/i2c.c.obj
                0x0000000010009d9c                i2c_set_baudrate
 .text.i2c_init
                0x0000000010009e8c       0x58 src/CMakeFiles/ubc-pico.dir/usr/share/pico-sdk/src/rp2_common/hardware_i2c/i2c.c.obj
                0x0000000010009e8c                i2c_init
 .text.i2c_write_blocking
                0x0000000010009ee4       0x18 src/CMakeFiles/ubc-pico.dir/usr/share/pico-sdk/src/rp2_common/hardware_i2c/i2c.c.obj
                0x0000000010009ee4                i2c_write_blocking
 .text.atexit   0x0000000010009efc       0x10 /usr/lib/gcc/arm-none-eabi/12.2.0/../../../../arm-none-eabi/lib/thumb/v6-m/nofp/libg.a(libc_a-atexit.o)
                0x0000000010009efc                atexit
 .text.itoa     0x0000000010009f0c       0x30 /usr/lib/gcc/arm-none-eabi/12.2.0/../../../../arm-none-eabi/lib/thumb/v6-m/nofp/libg.a(libc_a-itoa.o)
                0x0000000010009f0c                itoa
 .text.__utoa   0x0000000010009f3c       0x80 /usr/lib/gcc/arm-none-eabi/12.2.0/../../../../arm-none-eabi/lib/thumb/v6-m/nofp/libg.a(libc_a-utoa.o)
                0x0000000010009f3c                __utoa
 .text.__libc_fini_array
                0x0000000010009fbc       0x28 /usr/lib/gcc/arm-none-eabi/12.2.0/../../../../arm-none-eabi/lib/thumb/v6-m/nofp/libg.a(libc_a-fini.o)
                0x0000000010009fbc                __libc_fini_array
 .text.__retarget_lock_acquire_recursive
                0x0000000010009fe4        0x4 /usr/lib/gcc/arm-none-eabi/12.2.0/../../../../arm-none-eabi/lib/thumb/v6-m/nofp/libg.a(libc_a-lock.o)
                0x0000000010009fe4                __retarget_lock_acquire_recursive
 .text.__retarget_lock_release_recursive
                0x0000000010009fe8        0x4 /usr/lib/gcc/arm-none-eabi/12.2.0/../../../../arm-none-eabi/lib/thumb/v6-m/nofp/libg.a(libc_a-lock.o)
                0x0000000010009fe8                __retarget_lock_release_recursive
 .text.strlen   0x0000000010009fec       0x5c /usr/lib/gcc/arm-none-eabi/12.2.0/../../../../arm-none-eabi/lib/thumb/v6-m/nofp/libg.a(libc_a-strlen-stub.o)
                0x0000000010009fec                strlen
 .text.__register_exitproc
                0x000000001000a048       0xa8 /usr/lib/gcc/arm-none-eabi/12.2.0/../../../../arm-none-eabi/lib/thumb/v6-m/nofp/libg.a(libc_a-__atexit.o)
                0x000000001000a048                __register_exitproc
 .text.startup.register_fini
                0x000000001000a0f0       0x18 /usr/lib/gcc/arm-none-eabi/12.2.0/../../../../arm-none-eabi/lib/thumb/v6-m/nofp/libg.a(libc_a-__call_atexit.o)
 *(.fini)
 .fini          0x000000001000a108        0x4 /usr/lib/gcc/arm-none-eabi/12.2.0/thumb/v6-m/nofp/crti.o
                0x000000001000a108                _fini
 *fill*         0x000000001000a10c        0x4 
 .fini.__stub   0x000000001000a110       0xe0 linker stubs
 *crtbegin.o(.ctors)
 *crtbegin?.o(.ctors)
 *(EXCLUDE_FILE(*crtend.o *crtend?.o) .ctors)
 *(SORT_BY_NAME(.ctors.*))
 *(.ctors)
 *crtbegin.o(.dtors)
 *crtbegin?.o(.dtors)
 *(EXCLUDE_FILE(*crtend.o *crtend?.o) .dtors)
 *(SORT_BY_NAME(.dtors.*))
 *(.dtors)
 *(.eh_frame*)
 .eh_frame      0x000000001000a1f0        0x0 /usr/lib/gcc/arm-none-eabi/12.2.0/thumb/v6-m/nofp/crtbegin.o
                0x000000001000a1f0                . = ALIGN (0x4)

.glue_7         0x000000001000a1f0        0x0
 .glue_7        0x000000001000a1f0        0x0 linker stubs

.glue_7t        0x000000001000a1f0        0x0
 .glue_7t       0x000000001000a1f0        0x0 linker stubs

.vfp11_veneer   0x000000001000a1f0        0x0
 .vfp11_veneer  0x000000001000a1f0        0x0 linker stubs

.v4_bx          0x000000001000a1f0        0x0
 .v4_bx         0x000000001000a1f0        0x0 linker stubs

.iplt           0x000000001000a1f0        0x0
 .iplt          0x000000001000a1f0        0x0 /usr/lib/gcc/arm-none-eabi/12.2.0/thumb/v6-m/nofp/crtbegin.o

.rodata         0x000000001000a1f0     0x1848
 *(EXCLUDE_FILE(*libm.a: *libc.a:*lib_a-mem*.o *libgcc.a:) .rodata*)
 .rodata.initOLED.str1.4
                0x000000001000a1f0       0x13 src/CMakeFiles/ubc-pico.dir/oled.c.obj
 *fill*         0x000000001000a203        0x1 
 .rodata.display.0
                0x000000001000a204        0x6 src/CMakeFiles/ubc-pico.dir/oled.c.obj
 *fill*         0x000000001000a20a        0x2 
 .rodata.init.2
                0x000000001000a20c       0x1f src/CMakeFiles/ubc-pico.dir/oled.c.obj
 *fill*         0x000000001000a22b        0x1 
 .rodata.__bi_78.3
                0x000000001000a22c        0x8 src/CMakeFiles/ubc-pico.dir/oled.c.obj
 .rodata.powerOff.6
                0x000000001000a234        0x3 src/CMakeFiles/ubc-pico.dir/oled.c.obj
 *fill*         0x000000001000a237        0x1 
 .rodata.oled   0x000000001000a238       0x64 src/CMakeFiles/ubc-pico.dir/oled.c.obj
                0x000000001000a238                oled
 .rodata.FONT5x7
                0x000000001000a29c      0x1e0 src/CMakeFiles/ubc-pico.dir/oled.c.obj
                0x000000001000a29c                FONT5x7
 .rodata.spin_lock_claim_unused.str1.4
                0x000000001000a47c       0x1b src/CMakeFiles/ubc-pico.dir/usr/share/pico-sdk/src/rp2_common/hardware_sync/sync.c.obj
 *fill*         0x000000001000a497        0x1 
 .rodata.resolve_branch.str1.4
                0x000000001000a498       0x4e src/CMakeFiles/ubc-pico.dir/usr/share/pico-sdk/src/rp2_common/hardware_irq/irq.c.obj
 *fill*         0x000000001000a4e6        0x2 
 .rodata.make_branch.str1.4
                0x000000001000a4e8       0x30 src/CMakeFiles/ubc-pico.dir/usr/share/pico-sdk/src/rp2_common/hardware_irq/irq.c.obj
 .rodata.insert_branch_and_link.str1.4
                0x000000001000a518       0x10 src/CMakeFiles/ubc-pico.dir/usr/share/pico-sdk/src/rp2_common/hardware_irq/irq.c.obj
 .rodata.irq_set_exclusive_handler.str1.4
                0x000000001000a528       0x36 src/CMakeFiles/ubc-pico.dir/usr/share/pico-sdk/src/rp2_common/hardware_irq/irq.c.obj
 *fill*         0x000000001000a55e        0x2 
 .rodata.irq_add_shared_handler.str1.4
                0x000000001000a560       0xc2 src/CMakeFiles/ubc-pico.dir/usr/share/pico-sdk/src/rp2_common/hardware_irq/irq.c.obj
 *fill*         0x000000001000a622        0x2 
 .rodata.irq_remove_handler.str1.4
                0x000000001000a624       0x3a src/CMakeFiles/ubc-pico.dir/usr/share/pico-sdk/src/rp2_common/hardware_irq/irq.c.obj
 *fill*         0x000000001000a65e        0x2 
 .rodata.irq_add_tail_to_free_list.str1.4
                0x000000001000a660       0x3a src/CMakeFiles/ubc-pico.dir/usr/share/pico-sdk/src/rp2_common/hardware_irq/irq.c.obj
 *fill*         0x000000001000a69a        0x2 
 .rodata.user_irq_claim_unused.str1.4
                0x000000001000a69c       0x1b src/CMakeFiles/ubc-pico.dir/usr/share/pico-sdk/src/rp2_common/hardware_irq/irq.c.obj
 *fill*         0x000000001000a6b7        0x1 
 .rodata.__func__.0
                0x000000001000a6b8       0x1a src/CMakeFiles/ubc-pico.dir/usr/share/pico-sdk/src/rp2_common/hardware_irq/irq.c.obj
 *fill*         0x000000001000a6d2        0x2 
 .rodata.__func__.1
                0x000000001000a6d4       0x17 src/CMakeFiles/ubc-pico.dir/usr/share/pico-sdk/src/rp2_common/hardware_irq/irq.c.obj
 *fill*         0x000000001000a6eb        0x1 
 .rodata.__func__.2
                0x000000001000a6ec       0x13 src/CMakeFiles/ubc-pico.dir/usr/share/pico-sdk/src/rp2_common/hardware_irq/irq.c.obj
 *fill*         0x000000001000a6ff        0x1 
 .rodata.__func__.3
                0x000000001000a700        0xc src/CMakeFiles/ubc-pico.dir/usr/share/pico-sdk/src/rp2_common/hardware_irq/irq.c.obj
 .rodata.__func__.4
                0x000000001000a70c        0xf src/CMakeFiles/ubc-pico.dir/usr/share/pico-sdk/src/rp2_common/hardware_irq/irq.c.obj
 *fill*         0x000000001000a71b        0x1 
 .rodata.__func__.5
                0x000000001000a71c       0x17 src/CMakeFiles/ubc-pico.dir/usr/share/pico-sdk/src/rp2_common/hardware_irq/irq.c.obj
 *fill*         0x000000001000a733        0x1 
 .rodata.__func__.6
                0x000000001000a734       0x1a src/CMakeFiles/ubc-pico.dir/usr/share/pico-sdk/src/rp2_common/hardware_irq/irq.c.obj
 *fill*         0x000000001000a74e        0x2 
 .rodata.update_us_since_boot.str1.4
                0x000000001000a750       0x5a src/CMakeFiles/ubc-pico.dir/usr/share/pico-sdk/src/common/pico_sync/mutex.c.obj
 *fill*         0x000000001000a7aa        0x2 
 .rodata.str1.4
                0x000000001000a7ac       0x85 src/CMakeFiles/ubc-pico.dir/usr/share/pico-sdk/src/common/pico_sync/mutex.c.obj
 *fill*         0x000000001000a831        0x3 
 .rodata.__func__.1
                0x000000001000a834        0xb src/CMakeFiles/ubc-pico.dir/usr/share/pico-sdk/src/common/pico_sync/mutex.c.obj
 *fill*         0x000000001000a83f        0x1 
 .rodata.__func__.3
                0x000000001000a840       0x18 src/CMakeFiles/ubc-pico.dir/usr/share/pico-sdk/src/common/pico_sync/mutex.c.obj
 .rodata.__func__.4
                0x000000001000a858       0x15 src/CMakeFiles/ubc-pico.dir/usr/share/pico-sdk/src/common/pico_sync/mutex.c.obj
 *fill*         0x000000001000a86d        0x3 
 .rodata.get_entry.str1.4
                0x000000001000a870       0x54 src/CMakeFiles/ubc-pico.dir/usr/share/pico-sdk/src/common/pico_time/time.c.obj
 .rodata.update_us_since_boot.str1.4
                0x000000001000a8c4       0x5a src/CMakeFiles/ubc-pico.dir/usr/share/pico-sdk/src/common/pico_time/time.c.obj
 .rodata.ph_get_node.str1.4
                0x000000001000a8c4       0x5f src/CMakeFiles/ubc-pico.dir/usr/share/pico-sdk/src/common/pico_time/time.c.obj
 *fill*         0x000000001000a923        0x1 
 .rodata.ph_add_child_node.str1.4
                0x000000001000a924       0x2e src/CMakeFiles/ubc-pico.dir/usr/share/pico-sdk/src/common/pico_time/time.c.obj
 *fill*         0x000000001000a952        0x2 
 .rodata.ph_insert_node.str1.4
                0x000000001000a954        0x3 src/CMakeFiles/ubc-pico.dir/usr/share/pico-sdk/src/common/pico_time/time.c.obj
 *fill*         0x000000001000a957        0x1 
 .rodata.ph_free_node.str1.4
                0x000000001000a958       0x38 src/CMakeFiles/ubc-pico.dir/usr/share/pico-sdk/src/common/pico_time/time.c.obj
 .rodata.add_alarm_under_lock.str1.4
                0x000000001000a990       0x28 src/CMakeFiles/ubc-pico.dir/usr/share/pico-sdk/src/common/pico_time/time.c.obj
 .rodata.alarm_pool_alarm_callback.str1.4
                0x000000001000a9b8       0x60 src/CMakeFiles/ubc-pico.dir/usr/share/pico-sdk/src/common/pico_time/time.c.obj
 .rodata.alarm_pool_get_default.str1.4
                0x000000001000aa18       0x21 src/CMakeFiles/ubc-pico.dir/usr/share/pico-sdk/src/common/pico_time/time.c.obj
 *fill*         0x000000001000aa39        0x3 
 .rodata.alarm_pool_cancel_alarm.str1.4
                0x000000001000aa3c       0x27 src/CMakeFiles/ubc-pico.dir/usr/share/pico-sdk/src/common/pico_time/time.c.obj
 *fill*         0x000000001000aa63        0x1 
 .rodata.sleep_until.str1.4
                0x000000001000aa64       0x4d src/CMakeFiles/ubc-pico.dir/usr/share/pico-sdk/src/common/pico_time/time.c.obj
 *fill*         0x000000001000aab1        0x3 
 .rodata.__func__.1
                0x000000001000aab4       0x18 src/CMakeFiles/ubc-pico.dir/usr/share/pico-sdk/src/common/pico_time/time.c.obj
 .rodata.__func__.3
                0x000000001000aacc       0x17 src/CMakeFiles/ubc-pico.dir/usr/share/pico-sdk/src/common/pico_time/time.c.obj
 *fill*         0x000000001000aae3        0x1 
 .rodata.__func__.4
                0x000000001000aae4       0x12 src/CMakeFiles/ubc-pico.dir/usr/share/pico-sdk/src/common/pico_time/time.c.obj
 *fill*         0x000000001000aaf6        0x2 
 .rodata.__func__.5
                0x000000001000aaf8        0xd src/CMakeFiles/ubc-pico.dir/usr/share/pico-sdk/src/common/pico_time/time.c.obj
 *fill*         0x000000001000ab05        0x3 
 .rodata.__func__.6
                0x000000001000ab08       0x12 src/CMakeFiles/ubc-pico.dir/usr/share/pico-sdk/src/common/pico_time/time.c.obj
 *fill*         0x000000001000ab1a        0x2 
 .rodata.__func__.7
                0x000000001000ab1c        0xf src/CMakeFiles/ubc-pico.dir/usr/share/pico-sdk/src/common/pico_time/time.c.obj
 *fill*         0x000000001000ab2b        0x1 
 .rodata.__func__.8
                0x000000001000ab2c        0xc src/CMakeFiles/ubc-pico.dir/usr/share/pico-sdk/src/common/pico_time/time.c.obj
 .rodata.__func__.9